{
  "version": "1.5.0",
  "plugins_used": [
    {
      "name": "ArtifactoryDetector"
    },
    {
      "name": "AWSKeyDetector"
    },
    {
      "name": "AzureStorageKeyDetector"
    },
    {
      "name": "Base64HighEntropyString",
      "limit": 4.5
    },
    {
      "name": "BasicAuthDetector"
    },
    {
      "name": "CloudantDetector"
    },
    {
      "name": "DiscordBotTokenDetector"
    },
    {
      "name": "GitHubTokenDetector"
    },
    {
      "name": "GitLabTokenDetector"
    },
    {
      "name": "HexHighEntropyString",
      "limit": 3.0
    },
    {
      "name": "IbmCloudIamDetector"
    },
    {
      "name": "IbmCosHmacDetector"
    },
    {
      "name": "IPPublicDetector"
    },
    {
      "name": "JwtTokenDetector"
    },
    {
      "name": "KeywordDetector",
      "keyword_exclude": ""
    },
    {
      "name": "MailchimpDetector"
    },
    {
      "name": "NpmDetector"
    },
    {
      "name": "OpenAIDetector"
    },
    {
      "name": "PrivateKeyDetector"
    },
    {
      "name": "PypiTokenDetector"
    },
    {
      "name": "SendGridDetector"
    },
    {
      "name": "SlackDetector"
    },
    {
      "name": "SoftlayerDetector"
    },
    {
      "name": "SquareOAuthDetector"
    },
    {
      "name": "StripeDetector"
    },
    {
      "name": "TelegramBotTokenDetector"
    },
    {
      "name": "TwilioKeyDetector"
    }
  ],
  "filters_used": [
    {
      "path": "detect_secrets.filters.allowlist.is_line_allowlisted"
    },
    {
      "path": "detect_secrets.filters.common.is_baseline_file",
      "filename": ".secrets.baseline"
    },
    {
      "path": "detect_secrets.filters.common.is_ignored_due_to_verification_policies",
      "min_level": 2
    },
    {
      "path": "detect_secrets.filters.heuristic.is_indirect_reference"
    },
    {
      "path": "detect_secrets.filters.heuristic.is_likely_id_string"
    },
    {
      "path": "detect_secrets.filters.heuristic.is_lock_file"
    },
    {
      "path": "detect_secrets.filters.heuristic.is_not_alphanumeric_string"
    },
    {
      "path": "detect_secrets.filters.heuristic.is_potential_uuid"
    },
    {
      "path": "detect_secrets.filters.heuristic.is_prefixed_with_dollar_sign"
    },
    {
      "path": "detect_secrets.filters.heuristic.is_sequential_string"
    },
    {
      "path": "detect_secrets.filters.heuristic.is_swagger_file"
    },
    {
      "path": "detect_secrets.filters.heuristic.is_templated_secret"
    }
  ],
  "results": {
    "agentic-workflows-v2\\agentic_v2\\config\\defaults\\trusted_model_hashes.yaml": [
      {
        "type": "Hex High Entropy String",
        "filename": "agentic-workflows-v2\\agentic_v2\\config\\defaults\\trusted_model_hashes.yaml",
        "hashed_secret": "f95d924952d4a393fc30c53b4c2e6a645142e0f1",
        "is_verified": false,
        "line_number": 15
      },
      {
        "type": "Hex High Entropy String",
        "filename": "agentic-workflows-v2\\agentic_v2\\config\\defaults\\trusted_model_hashes.yaml",
        "hashed_secret": "86c2e0cb3777f227f03c9e39184fd15df184e88a",
        "is_verified": false,
        "line_number": 20
      },
      {
        "type": "Hex High Entropy String",
        "filename": "agentic-workflows-v2\\agentic_v2\\config\\defaults\\trusted_model_hashes.yaml",
        "hashed_secret": "78d7e5fd9c0f80e21ec48b2c451bc339f8f89d96",
        "is_verified": false,
        "line_number": 25
      }
    ],
    "agentic-workflows-v2\\agentic_v2\\contracts\\sanitization.py": [
      {
        "type": "Secret Keyword",
        "filename": "agentic-workflows-v2\\agentic_v2\\contracts\\sanitization.py",
        "hashed_secret": "665b1e3851eefefa3fb878654292f16597d25155",
        "is_verified": false,
        "line_number": 25
      },
      {
        "type": "Secret Keyword",
        "filename": "agentic-workflows-v2\\agentic_v2\\contracts\\sanitization.py",
        "hashed_secret": "5baa61e4c9b93f3f0682250b6cf8331b7ee68fd8",
        "is_verified": false,
        "line_number": 27
      },
      {
        "type": "Secret Keyword",
        "filename": "agentic-workflows-v2\\agentic_v2\\contracts\\sanitization.py",
        "hashed_secret": "26eae588d0859648be8edcf9cd2cf19bbdfacd43",
        "is_verified": false,
        "line_number": 29
      }
    ],
    "agentic-workflows-v2\\agentic_v2\\langchain\\model_builders.py": [
      {
        "type": "Secret Keyword",
        "filename": "agentic-workflows-v2\\agentic_v2\\langchain\\model_builders.py",
        "hashed_secret": "80c3eb3a746f82974a9696275d8b52a37fba449b",
        "is_verified": false,
        "line_number": 509
      },
      {
        "type": "Secret Keyword",
        "filename": "agentic-workflows-v2\\agentic_v2\\langchain\\model_builders.py",
        "hashed_secret": "6ee0bc39a28c31ee812d418ee8dce42f3d4b8334",
        "is_verified": false,
        "line_number": 559
      }
    ],
    "agentic-workflows-v2\\agentic_v2\\langchain\\runner.py": [
      {
        "type": "Basic Auth Credentials",
        "filename": "agentic-workflows-v2\\agentic_v2\\langchain\\runner.py",
        "hashed_secret": "9d4e1e23bd5b727046a9e3b4b7db57bd8d6ee684",
        "is_verified": false,
        "line_number": 287
      }
    ],
    "agentic-workflows-v2\\agentic_v2\\models\\ollama_discovery.py": [
      {
        "type": "Secret Keyword",
        "filename": "agentic-workflows-v2\\agentic_v2\\models\\ollama_discovery.py",
        "hashed_secret": "17bb10d3f44323963c21bf3c97341ebb5accf05e",
        "is_verified": false,
        "line_number": 36
      }
    ],
    "agentic-workflows-v2\\agentic_v2\\settings.py": [
      {
        "type": "Basic Auth Credentials",
        "filename": "agentic-workflows-v2\\agentic_v2\\settings.py",
        "hashed_secret": "9d4e1e23bd5b727046a9e3b4b7db57bd8d6ee684",
        "is_verified": false,
        "line_number": 590
      }
    ],
    "agentic-workflows-v2\\tests\\fixtures\\secrets_corpus.py": [
      {
        "type": "Base64 High Entropy String",
        "filename": "agentic-workflows-v2\\tests\\fixtures\\secrets_corpus.py",
        "hashed_secret": "0edb82cfe1eb8170fbcfcaf63dc9d0ef1415bce2",
        "is_verified": false,
        "line_number": 14
      },
      {
        "type": "Base64 High Entropy String",
        "filename": "agentic-workflows-v2\\tests\\fixtures\\secrets_corpus.py",
        "hashed_secret": "898effac4b64413f2e67b07992dfa4b3c017c9f7",
        "is_verified": false,
        "line_number": 15
      },
      {
        "type": "JSON Web Token",
        "filename": "agentic-workflows-v2\\tests\\fixtures\\secrets_corpus.py",
        "hashed_secret": "34c659f4df06118f5bc39edc355b4542851ad3f6",
        "is_verified": false,
        "line_number": 28
      },
      {
        "type": "Private Key",
        "filename": "agentic-workflows-v2\\tests\\fixtures\\secrets_corpus.py",
        "hashed_secret": "be4fc4886bd949b369d5e092eb87494f12e57e5b",
        "is_verified": false,
        "line_number": 33
      },
      {
        "type": "Private Key",
        "filename": "agentic-workflows-v2\\tests\\fixtures\\secrets_corpus.py",
        "hashed_secret": "27c6929aef41ae2bcadac15ca6abcaff72cda9cd",
        "is_verified": false,
        "line_number": 34
      },
      {
        "type": "Basic Auth Credentials",
        "filename": "agentic-workflows-v2\\tests\\fixtures\\secrets_corpus.py",
        "hashed_secret": "cbfdac6008f9cab4083784cbd1874f76618d2a97",
        "is_verified": false,
        "line_number": 37
      },
      {
        "type": "Basic Auth Credentials",
        "filename": "agentic-workflows-v2\\tests\\fixtures\\secrets_corpus.py",
        "hashed_secret": "9d4e1e23bd5b727046a9e3b4b7db57bd8d6ee684",
        "is_verified": false,
        "line_number": 38
      }
    ],
    "agentic-workflows-v2\\tests\\integrations\\mcp\\test_config_loader.py": [
      {
        "type": "Secret Keyword",
        "filename": "agentic-workflows-v2\\tests\\integrations\\mcp\\test_config_loader.py",
        "hashed_secret": "83ff9f4e0d16d61727cbdf47d769fb707b652217",
        "is_verified": false,
        "line_number": 44
      },
      {
        "type": "Secret Keyword",
        "filename": "agentic-workflows-v2\\tests\\integrations\\mcp\\test_config_loader.py",
        "hashed_secret": "e48c47f1431afd3bb030deea266b4309e2228c5b",
        "is_verified": false,
        "line_number": 113
      }
    ],
    "agentic-workflows-v2\\tests\\models\\test_nvidia_backend.py": [
      {
        "type": "Secret Keyword",
        "filename": "agentic-workflows-v2\\tests\\models\\test_nvidia_backend.py",
        "hashed_secret": "74d1d3c3569b4d198e916cf88eaea9442ee151a3",
        "is_verified": false,
        "line_number": 62
      }
    ],
    "agentic-workflows-v2\\tests\\models\\test_openrouter_backend.py": [
      {
        "type": "Secret Keyword",
        "filename": "agentic-workflows-v2\\tests\\models\\test_openrouter_backend.py",
        "hashed_secret": "3acfb2c2b433c0ea7ff107e33df91b18e52f960f",
        "is_verified": false,
        "line_number": 50
      }
    ],
    "agentic-workflows-v2\\tests\\server\\test_chat_route.py": [
      {
        "type": "Base64 High Entropy String",
        "filename": "agentic-workflows-v2\\tests\\server\\test_chat_route.py",
        "hashed_secret": "311a97e7332aa12c00fb1a09ee56528f673e7782",
        "is_verified": false,
        "line_number": 315
      },
      {
        "type": "Hex High Entropy String",
        "filename": "agentic-workflows-v2\\tests\\server\\test_chat_route.py",
        "hashed_secret": "b1775a785f09a6ebaf2dc33d6eaeb98974d9cdb8",
        "is_verified": false,
        "line_number": 316
      }
    ],
    "agentic-workflows-v2\\tests\\server\\test_settings_routes.py": [
      {
        "type": "Secret Keyword",
        "filename": "agentic-workflows-v2\\tests\\server\\test_settings_routes.py",
        "hashed_secret": "6ca791264241b79f7599cca96c67465a69eda0f3",
        "is_verified": false,
        "line_number": 48
      },
      {
        "type": "Secret Keyword",
        "filename": "agentic-workflows-v2\\tests\\server\\test_settings_routes.py",
        "hashed_secret": "fe72967536aedcae9b1b1e4eaf2c53494e17a638",
        "is_verified": false,
        "line_number": 67
      }
    ],
    "agentic-workflows-v2\\tests\\slo\\first-span-latency.json": [
      {
        "type": "Hex High Entropy String",
        "filename": "agentic-workflows-v2\\tests\\slo\\first-span-latency.json",
        "hashed_secret": "4e8a1731effbe5d9a35559c9e6d208e2fa4ce157",
        "is_verified": false,
        "line_number": 8
      },
      {
        "type": "Hex High Entropy String",
        "filename": "agentic-workflows-v2\\tests\\slo\\first-span-latency.json",
        "hashed_secret": "95c3e4d1545e5ac555982ad57555fb6d2f7df14d",
        "is_verified": false,
        "line_number": 28
      }
    ],
    "agentic-workflows-v2\\tests\\test_azure_onnx_backends.py": [
      {
        "type": "Secret Keyword",
        "filename": "agentic-workflows-v2\\tests\\test_azure_onnx_backends.py",
        "hashed_secret": "dff6d4ff5dc357cf451d1855ab9cbda562645c9f",
        "is_verified": false,
        "line_number": 52
      }
    ],
    "agentic-workflows-v2\\tests\\test_implementations_sanitization.py": [
      {
        "type": "Secret Keyword",
        "filename": "agentic-workflows-v2\\tests\\test_implementations_sanitization.py",
        "hashed_secret": "3acfb2c2b433c0ea7ff107e33df91b18e52f960f",
        "is_verified": false,
        "line_number": 60
      }
    ],
    "agentic-workflows-v2\\tests\\test_middleware_integration.py": [
      {
        "type": "AWS Access Key",
        "filename": "agentic-workflows-v2\\tests\\test_middleware_integration.py",
        "hashed_secret": "25910f981e85ca04baf359199dd0bd4a3ae738b6",
        "is_verified": false,
        "line_number": 42
      },
      {
        "type": "GitHub Token",
        "filename": "agentic-workflows-v2\\tests\\test_middleware_integration.py",
        "hashed_secret": "e175c6f5f2a92e8623bd9a4820edb4e8c1b0fd10",
        "is_verified": false,
        "line_number": 49
      }
    ],
    "agentic-workflows-v2\\tests\\test_model_backends.py": [
      {
        "type": "Secret Keyword",
        "filename": "agentic-workflows-v2\\tests\\test_model_backends.py",
        "hashed_secret": "3acfb2c2b433c0ea7ff107e33df91b18e52f960f",
        "is_verified": false,
        "line_number": 380
      },
      {
        "type": "Secret Keyword",
        "filename": "agentic-workflows-v2\\tests\\test_model_backends.py",
        "hashed_secret": "a47110e348a3063541fb1f1f640d635d457181a0",
        "is_verified": false,
        "line_number": 456
      },
      {
        "type": "Secret Keyword",
        "filename": "agentic-workflows-v2\\tests\\test_model_backends.py",
        "hashed_secret": "26b95fddc070f2ecb33a5db7e978c6e2e0e6b5c0",
        "is_verified": false,
        "line_number": 601
      }
    ],
    "agentic-workflows-v2\\tests\\test_model_secrets.py": [
      {
        "type": "Secret Keyword",
        "filename": "agentic-workflows-v2\\tests\\test_model_secrets.py",
        "hashed_secret": "d18aac96b905b4b3c839891b7a91c9414149514c",
        "is_verified": false,
        "line_number": 63
      }
    ],
    "agentic-workflows-v2\\tests\\test_openrouter_provider.py": [
      {
        "type": "Secret Keyword",
        "filename": "agentic-workflows-v2\\tests\\test_openrouter_provider.py",
        "hashed_secret": "3acfb2c2b433c0ea7ff107e33df91b18e52f960f",
        "is_verified": false,
        "line_number": 103
      }
    ],
    "agentic-workflows-v2\\tests\\test_secret_detector.py": [
      {
        "type": "Base64 High Entropy String",
        "filename": "agentic-workflows-v2\\tests\\test_secret_detector.py",
        "hashed_secret": "6a4de5047e5f865c8f3b58adc67a7bed8672cc2c",
        "is_verified": false,
        "line_number": 56
      }
    ],
    "agentic-workflows-v2\\tests\\test_traceparent.py": [
      {
        "type": "Hex High Entropy String",
        "filename": "agentic-workflows-v2\\tests\\test_traceparent.py",
        "hashed_secret": "11d33efc2208b4c342269d8da7cde286f9681f0f",
        "is_verified": false,
        "line_number": 310
      }
    ],
    "agentic-workflows-v2\\tests\\test_ui_settings.py": [
      {
        "type": "Secret Keyword",
        "filename": "agentic-workflows-v2\\tests\\test_ui_settings.py",
        "hashed_secret": "fb0123cbab73d8a58896fbe39b8b7b5b6df15c5e",
        "is_verified": false,
        "line_number": 46
      },
      {
        "type": "Secret Keyword",
        "filename": "agentic-workflows-v2\\tests\\test_ui_settings.py",
        "hashed_secret": "adf70d13aa45075bacb940dbb3d0b7dc7097083e",
        "is_verified": false,
        "line_number": 50
      },
      {
        "type": "Secret Keyword",
        "filename": "agentic-workflows-v2\\tests\\test_ui_settings.py",
        "hashed_secret": "02ecb94373bfb3dfe827ca18409f50b016e8302a",
        "is_verified": false,
        "line_number": 105
      }
    ],
    "agentic-workflows-v2\\tests\\test_workflow_tracing.py": [
      {
        "type": "Secret Keyword",
        "filename": "agentic-workflows-v2\\tests\\test_workflow_tracing.py",
        "hashed_secret": "f32b67c7e26342af42efabc674d441dca0a281c5",
        "is_verified": false,
        "line_number": 236
      }
    ],
    "agentic-workflows-v2\\ui\\src\\__tests__\\SettingsPage.test.tsx": [
      {
        "type": "Secret Keyword",
        "filename": "agentic-workflows-v2\\ui\\src\\__tests__\\SettingsPage.test.tsx",
        "hashed_secret": "f8ca0d7266886f4b5be9adddc9b66017b3bf1a4b",
        "is_verified": false,
        "line_number": 35
      }
    ],
    "agentic-workflows-v2\\ui\\src\\__tests__\\tracing.test.ts": [
      {
        "type": "Hex High Entropy String",
        "filename": "agentic-workflows-v2\\ui\\src\\__tests__\\tracing.test.ts",
        "hashed_secret": "11d33efc2208b4c342269d8da7cde286f9681f0f",
        "is_verified": false,
        "line_number": 44
      }
    ],
    "agentic-workflows-v2\\ui\\src\\components\\settings\\ProviderPanel.tsx": [
      {
        "type": "Secret Keyword",
        "filename": "agentic-workflows-v2\\ui\\src\\components\\settings\\ProviderPanel.tsx",
        "hashed_secret": "02ecb94373bfb3dfe827ca18409f50b016e8302a",
        "is_verified": false,
        "line_number": 40
      },
      {
        "type": "Secret Keyword",
        "filename": "agentic-workflows-v2\\ui\\src\\components\\settings\\ProviderPanel.tsx",
        "hashed_secret": "f8ca0d7266886f4b5be9adddc9b66017b3bf1a4b",
        "is_verified": false,
        "line_number": 41
      },
      {
        "type": "Secret Keyword",
        "filename": "agentic-workflows-v2\\ui\\src\\components\\settings\\ProviderPanel.tsx",
        "hashed_secret": "c267b646441a206d44803d8cb20896c4a166cac2",
        "is_verified": false,
        "line_number": 42
      }
    ],
    "docs\\configuration.md": [
      {
        "type": "Basic Auth Credentials",
        "filename": "docs\\configuration.md",
        "hashed_secret": "9d4e1e23bd5b727046a9e3b4b7db57bd8d6ee684",
        "is_verified": false,
        "line_number": 244
      }
    ],
    "infra\\azure\\main.bicep": [
      {
        "type": "Secret Keyword",
        "filename": "infra\\azure\\main.bicep",
        "hashed_secret": "a95e7a27dbf5384cc4a3395d23b026f243d5269a",
        "is_verified": false,
        "line_number": 251
      },
      {
        "type": "Secret Keyword",
        "filename": "infra\\azure\\main.bicep",
        "hashed_secret": "e30002a11455173e91beb5763ba008ec85d41f2d",
        "is_verified": false,
        "line_number": 255
      }
    ],
    "load\\results\\redis_cas_run.json": [
      {
        "type": "Hex High Entropy String",
        "filename": "load\\results\\redis_cas_run.json",
        "hashed_secret": "67a74306b06d0c01624fe0d0249a570f4d093747",
        "is_verified": false,
        "line_number": 5
      },
      {
        "type": "Hex High Entropy String",
        "filename": "load\\results\\redis_cas_run.json",
        "hashed_secret": "18e1b69794448a47d3da32df682ccae110893ff1",
        "is_verified": false,
        "line_number": 11
      }
    ],
    "load\\results\\scale_1replica.json": [
      {
        "type": "Hex High Entropy String",
        "filename": "load\\results\\scale_1replica.json",
        "hashed_secret": "67a74306b06d0c01624fe0d0249a570f4d093747",
        "is_verified": false,
        "line_number": 5
      },
      {
        "type": "Hex High Entropy String",
        "filename": "load\\results\\scale_1replica.json",
        "hashed_secret": "418a5b8e4e8066ecfc1cff694e60db50f95412f6",
        "is_verified": false,
        "line_number": 9
      },
      {
        "type": "Hex High Entropy String",
        "filename": "load\\results\\scale_1replica.json",
        "hashed_secret": "716557370a5ec3a64b41f47309c79eb72466bf50",
        "is_verified": false,
        "line_number": 18
      },
      {
        "type": "Hex High Entropy String",
        "filename": "load\\results\\scale_1replica.json",
        "hashed_secret": "8aa4948f99330e0ff277b28641e32931f2af846f",
        "is_verified": false,
        "line_number": 25
      }
    ],
    "load\\results\\scale_3replica.json": [
      {
        "type": "Hex High Entropy String",
        "filename": "load\\results\\scale_3replica.json",
        "hashed_secret": "418a5b8e4e8066ecfc1cff694e60db50f95412f6",
        "is_verified": false,
        "line_number": 8
      },
      {
        "type": "Hex High Entropy String",
        "filename": "load\\results\\scale_3replica.json",
        "hashed_secret": "716557370a5ec3a64b41f47309c79eb72466bf50",
        "is_verified": false,
        "line_number": 13
      },
      {
        "type": "Hex High Entropy String",
        "filename": "load\\results\\scale_3replica.json",
        "hashed_secret": "8aa4948f99330e0ff277b28641e32931f2af846f",
        "is_verified": false,
        "line_number": 22
      },
      {
        "type": "Hex High Entropy String",
        "filename": "load\\results\\scale_3replica.json",
        "hashed_secret": "67a74306b06d0c01624fe0d0249a570f4d093747",
        "is_verified": false,
        "line_number": 28
      }
    ],
    "tools\\llm\\probe_config.py": [
      {
        "type": "Secret Keyword",
        "filename": "tools\\llm\\probe_config.py",
        "hashed_secret": "17bb10d3f44323963c21bf3c97341ebb5accf05e",
        "is_verified": false,
        "line_number": 143
      },
      {
        "type": "Secret Keyword",
        "filename": "tools\\llm\\probe_config.py",
        "hashed_secret": "02ecb94373bfb3dfe827ca18409f50b016e8302a",
        "is_verified": false,
        "line_number": 144
      },
      {
        "type": "Secret Keyword",
        "filename": "tools\\llm\\probe_config.py",
        "hashed_secret": "abc562ce3721faaa103f81235e018b1c65777140",
        "is_verified": false,
        "line_number": 147
      },
      {
        "type": "Secret Keyword",
        "filename": "tools\\llm\\probe_config.py",
        "hashed_secret": "04827ce753ca41ba673b446b1c94b47a905a59b6",
        "is_verified": false,
        "line_number": 150
      },
      {
        "type": "Secret Keyword",
        "filename": "tools\\llm\\probe_config.py",
        "hashed_secret": "3e10d010e7dfb478858d30459fa03f3824340d47",
        "is_verified": false,
        "line_number": 152
      },
      {
        "type": "Secret Keyword",
        "filename": "tools\\llm\\probe_config.py",
        "hashed_secret": "1db4aba2bc9d400d5e75f5473ff811cd819a436d",
        "is_verified": false,
        "line_number": 153
      },
      {
        "type": "Secret Keyword",
        "filename": "tools\\llm\\probe_config.py",
        "hashed_secret": "f8ca0d7266886f4b5be9adddc9b66017b3bf1a4b",
        "is_verified": false,
        "line_number": 154
      },
      {
        "type": "Secret Keyword",
        "filename": "tools\\llm\\probe_config.py",
        "hashed_secret": "cf48da0eee084cd38a7b71b1be293e131d819fc1",
        "is_verified": false,
        "line_number": 160
      }
    ]
  },
  "generated_at": "2026-07-12T14:58:12Z"
}
