{
  "version": "1.5.0",
  "plugins_used": [
    {
      "name": "ArtifactoryDetector"
    },
    {
      "name": "AWSKeyDetector"
    },
    {
      "name": "AzureStorageKeyDetector"
    },
    {
      "name": "Base64HighEntropyString",
      "limit": 4.5
    },
    {
      "name": "BasicAuthDetector"
    },
    {
      "name": "CloudantDetector"
    },
    {
      "name": "DiscordBotTokenDetector"
    },
    {
      "name": "GitHubTokenDetector"
    },
    {
      "name": "GitLabTokenDetector"
    },
    {
      "name": "HexHighEntropyString",
      "limit": 3.0
    },
    {
      "name": "IbmCloudIamDetector"
    },
    {
      "name": "IbmCosHmacDetector"
    },
    {
      "name": "IPPublicDetector"
    },
    {
      "name": "JwtTokenDetector"
    },
    {
      "name": "KeywordDetector",
      "keyword_exclude": ""
    },
    {
      "name": "MailchimpDetector"
    },
    {
      "name": "NpmDetector"
    },
    {
      "name": "OpenAIDetector"
    },
    {
      "name": "PrivateKeyDetector"
    },
    {
      "name": "PypiTokenDetector"
    },
    {
      "name": "SendGridDetector"
    },
    {
      "name": "SlackDetector"
    },
    {
      "name": "SoftlayerDetector"
    },
    {
      "name": "SquareOAuthDetector"
    },
    {
      "name": "StripeDetector"
    },
    {
      "name": "TelegramBotTokenDetector"
    },
    {
      "name": "TwilioKeyDetector"
    }
  ],
  "filters_used": [
    {
      "path": "detect_secrets.filters.allowlist.is_line_allowlisted"
    },
    {
      "path": "detect_secrets.filters.common.is_baseline_file",
      "filename": ".secrets.baseline"
    },
    {
      "path": "detect_secrets.filters.common.is_ignored_due_to_verification_policies",
      "min_level": 2
    },
    {
      "path": "detect_secrets.filters.heuristic.is_indirect_reference"
    },
    {
      "path": "detect_secrets.filters.heuristic.is_likely_id_string"
    },
    {
      "path": "detect_secrets.filters.heuristic.is_lock_file"
    },
    {
      "path": "detect_secrets.filters.heuristic.is_not_alphanumeric_string"
    },
    {
      "path": "detect_secrets.filters.heuristic.is_potential_uuid"
    },
    {
      "path": "detect_secrets.filters.heuristic.is_prefixed_with_dollar_sign"
    },
    {
      "path": "detect_secrets.filters.heuristic.is_sequential_string"
    },
    {
      "path": "detect_secrets.filters.heuristic.is_swagger_file"
    },
    {
      "path": "detect_secrets.filters.heuristic.is_templated_secret"
    }
  ],
  "results": {
    "agentic-workflows-v2\\agentic_v2\\config\\defaults\\trusted_model_hashes.yaml": [
      {
        "type": "Hex High Entropy String",
        "filename": "agentic-workflows-v2\\agentic_v2\\config\\defaults\\trusted_model_hashes.yaml",
        "hashed_secret": "f95d924952d4a393fc30c53b4c2e6a645142e0f1",
        "is_verified": false,
        "line_number": 15
      },
      {
        "type": "Hex High Entropy String",
        "filename": "agentic-workflows-v2\\agentic_v2\\config\\defaults\\trusted_model_hashes.yaml",
        "hashed_secret": "86c2e0cb3777f227f03c9e39184fd15df184e88a",
        "is_verified": false,
        "line_number": 20
      },
      {
        "type": "Hex High Entropy String",
        "filename": "agentic-workflows-v2\\agentic_v2\\config\\defaults\\trusted_model_hashes.yaml",
        "hashed_secret": "78d7e5fd9c0f80e21ec48b2c451bc339f8f89d96",
        "is_verified": false,
        "line_number": 25
      }
    ],
    "agentic-workflows-v2\\agentic_v2\\contracts\\sanitization.py": [
      {
        "type": "Secret Keyword",
        "filename": "agentic-workflows-v2\\agentic_v2\\contracts\\sanitization.py",
        "hashed_secret": "665b1e3851eefefa3fb878654292f16597d25155",
        "is_verified": false,
        "line_number": 25
      },
      {
        "type": "Secret Keyword",
        "filename": "agentic-workflows-v2\\agentic_v2\\contracts\\sanitization.py",
        "hashed_secret": "5baa61e4c9b93f3f0682250b6cf8331b7ee68fd8",
        "is_verified": false,
        "line_number": 27
      },
      {
        "type": "Secret Keyword",
        "filename": "agentic-workflows-v2\\agentic_v2\\contracts\\sanitization.py",
        "hashed_secret": "26eae588d0859648be8edcf9cd2cf19bbdfacd43",
        "is_verified": false,
        "line_number": 29
      }
    ],
    "agentic-workflows-v2\\agentic_v2\\langchain\\model_builders.py": [
      {
        "type": "Secret Keyword",
        "filename": "agentic-workflows-v2\\agentic_v2\\langchain\\model_builders.py",
        "hashed_secret": "6ee0bc39a28c31ee812d418ee8dce42f3d4b8334",
        "is_verified": false,
        "line_number": 777
      }
    ],
    "agentic-workflows-v2\\agentic_v2\\langchain\\runner.py": [
      {
        "type": "Basic Auth Credentials",
        "filename": "agentic-workflows-v2\\agentic_v2\\langchain\\runner.py",
        "hashed_secret": "9d4e1e23bd5b727046a9e3b4b7db57bd8d6ee684",
        "is_verified": false,
        "line_number": 362
      }
    ],
    "agentic-workflows-v2\\agentic_v2\\models\\ollama_discovery.py": [
      {
        "type": "Secret Keyword",
        "filename": "agentic-workflows-v2\\agentic_v2\\models\\ollama_discovery.py",
        "hashed_secret": "17bb10d3f44323963c21bf3c97341ebb5accf05e",
        "is_verified": false,
        "line_number": 37
      }
    ],
    "agentic-workflows-v2\\agentic_v2\\settings.py": [
      {
        "type": "Basic Auth Credentials",
        "filename": "agentic-workflows-v2\\agentic_v2\\settings.py",
        "hashed_secret": "9d4e1e23bd5b727046a9e3b4b7db57bd8d6ee684",
        "is_verified": false,
        "line_number": 597
      }
    ],
    "agentic-workflows-v2\\evals\\swe_ab\\ledger\\export\\task.jsonl": [
      {
        "type": "Hex High Entropy String",
        "filename": "agentic-workflows-v2\\evals\\swe_ab\\ledger\\export\\task.jsonl",
        "hashed_secret": "ac9aeac2be0e2e2e7f15b00e48eee9971af27af9",
        "is_verified": false,
        "line_number": 1
      },
      {
        "type": "Hex High Entropy String",
        "filename": "agentic-workflows-v2\\evals\\swe_ab\\ledger\\export\\task.jsonl",
        "hashed_secret": "20001d0c8150054ca133c708976b0561044dc9c0",
        "is_verified": false,
        "line_number": 3
      },
      {
        "type": "Hex High Entropy String",
        "filename": "agentic-workflows-v2\\evals\\swe_ab\\ledger\\export\\task.jsonl",
        "hashed_secret": "2bc2c20376fa92134e1a8bddc88eb1ee37da5f08",
        "is_verified": false,
        "line_number": 4
      },
      {
        "type": "Hex High Entropy String",
        "filename": "agentic-workflows-v2\\evals\\swe_ab\\ledger\\export\\task.jsonl",
        "hashed_secret": "989a25a3525cede3268e37fee714f63329f1db8c",
        "is_verified": false,
        "line_number": 5
      },
      {
        "type": "Hex High Entropy String",
        "filename": "agentic-workflows-v2\\evals\\swe_ab\\ledger\\export\\task.jsonl",
        "hashed_secret": "c9e73134fbda6d017d02126b803a67876b297623",
        "is_verified": false,
        "line_number": 7
      },
      {
        "type": "Hex High Entropy String",
        "filename": "agentic-workflows-v2\\evals\\swe_ab\\ledger\\export\\task.jsonl",
        "hashed_secret": "ad33b8d1e94d9ce72c2a1de8e167c98ec3712d66",
        "is_verified": false,
        "line_number": 8
      },
      {
        "type": "Hex High Entropy String",
        "filename": "agentic-workflows-v2\\evals\\swe_ab\\ledger\\export\\task.jsonl",
        "hashed_secret": "5d79f894f238e2a501387cd43cc5d8eab82d6a24",
        "is_verified": false,
        "line_number": 9
      },
      {
        "type": "Hex High Entropy String",
        "filename": "agentic-workflows-v2\\evals\\swe_ab\\ledger\\export\\task.jsonl",
        "hashed_secret": "2f2662c87dfe5799295025cb17c74bd8f7477bf9",
        "is_verified": false,
        "line_number": 10
      },
      {
        "type": "Hex High Entropy String",
        "filename": "agentic-workflows-v2\\evals\\swe_ab\\ledger\\export\\task.jsonl",
        "hashed_secret": "1975ebd2c433dcac44ee5894c60ab0b663babb80",
        "is_verified": false,
        "line_number": 11
      },
      {
        "type": "Hex High Entropy String",
        "filename": "agentic-workflows-v2\\evals\\swe_ab\\ledger\\export\\task.jsonl",
        "hashed_secret": "98b79e79ccb28d2986ce8b3d6c72e3ce8bf2ef1a",
        "is_verified": false,
        "line_number": 12
      },
      {
        "type": "Hex High Entropy String",
        "filename": "agentic-workflows-v2\\evals\\swe_ab\\ledger\\export\\task.jsonl",
        "hashed_secret": "67d08b995a35bc82ef7fae22e32d5b4c884ba091",
        "is_verified": false,
        "line_number": 13
      },
      {
        "type": "Hex High Entropy String",
        "filename": "agentic-workflows-v2\\evals\\swe_ab\\ledger\\export\\task.jsonl",
        "hashed_secret": "1424450de50bb29e694e55cece70758d1136d2ea",
        "is_verified": false,
        "line_number": 14
      },
      {
        "type": "Hex High Entropy String",
        "filename": "agentic-workflows-v2\\evals\\swe_ab\\ledger\\export\\task.jsonl",
        "hashed_secret": "533b06fd73ef85d8b9fddaef08bdd41634cd8144",
        "is_verified": false,
        "line_number": 15
      },
      {
        "type": "Hex High Entropy String",
        "filename": "agentic-workflows-v2\\evals\\swe_ab\\ledger\\export\\task.jsonl",
        "hashed_secret": "d47a29e63163606bbb9b36de06a768c832f76787",
        "is_verified": false,
        "line_number": 17
      },
      {
        "type": "Hex High Entropy String",
        "filename": "agentic-workflows-v2\\evals\\swe_ab\\ledger\\export\\task.jsonl",
        "hashed_secret": "787708b37f1a4f08e245f54bdd54eec85d5f79a9",
        "is_verified": false,
        "line_number": 18
      },
      {
        "type": "Hex High Entropy String",
        "filename": "agentic-workflows-v2\\evals\\swe_ab\\ledger\\export\\task.jsonl",
        "hashed_secret": "a1e44bbfeb2a15e3fad0cd71de73c0aab8902b91",
        "is_verified": false,
        "line_number": 19
      },
      {
        "type": "Hex High Entropy String",
        "filename": "agentic-workflows-v2\\evals\\swe_ab\\ledger\\export\\task.jsonl",
        "hashed_secret": "dcbf82e9962d381666521aaf132c73140f717f6e",
        "is_verified": false,
        "line_number": 20
      },
      {
        "type": "Hex High Entropy String",
        "filename": "agentic-workflows-v2\\evals\\swe_ab\\ledger\\export\\task.jsonl",
        "hashed_secret": "f20d67727342aece0eebaf23bd04ab1ce4f73921",
        "is_verified": false,
        "line_number": 21
      },
      {
        "type": "Hex High Entropy String",
        "filename": "agentic-workflows-v2\\evals\\swe_ab\\ledger\\export\\task.jsonl",
        "hashed_secret": "4b6b01e5418aa238d580698b2101007fc29ef4d6",
        "is_verified": false,
        "line_number": 22
      },
      {
        "type": "Hex High Entropy String",
        "filename": "agentic-workflows-v2\\evals\\swe_ab\\ledger\\export\\task.jsonl",
        "hashed_secret": "4cc7622994f948c9bb339ba01679a79e0c742bc7",
        "is_verified": false,
        "line_number": 23
      },
      {
        "type": "Hex High Entropy String",
        "filename": "agentic-workflows-v2\\evals\\swe_ab\\ledger\\export\\task.jsonl",
        "hashed_secret": "56382773e6cd43839846de3bf869a89b28b794d2",
        "is_verified": false,
        "line_number": 24
      },
      {
        "type": "Hex High Entropy String",
        "filename": "agentic-workflows-v2\\evals\\swe_ab\\ledger\\export\\task.jsonl",
        "hashed_secret": "241c0606e943fc7f8fbc36468ff0b8a11fdadff2",
        "is_verified": false,
        "line_number": 25
      },
      {
        "type": "Hex High Entropy String",
        "filename": "agentic-workflows-v2\\evals\\swe_ab\\ledger\\export\\task.jsonl",
        "hashed_secret": "edc3cd839dccc3ebbd67e44231fc1c58e82e6470",
        "is_verified": false,
        "line_number": 28
      },
      {
        "type": "Hex High Entropy String",
        "filename": "agentic-workflows-v2\\evals\\swe_ab\\ledger\\export\\task.jsonl",
        "hashed_secret": "ea9a9d22c85b28f4334ddd5984b1f3401eac1393",
        "is_verified": false,
        "line_number": 29
      },
      {
        "type": "Hex High Entropy String",
        "filename": "agentic-workflows-v2\\evals\\swe_ab\\ledger\\export\\task.jsonl",
        "hashed_secret": "59c24aa296ee0e2c307d5284df0b81cfb83d44fb",
        "is_verified": false,
        "line_number": 30
      },
      {
        "type": "Hex High Entropy String",
        "filename": "agentic-workflows-v2\\evals\\swe_ab\\ledger\\export\\task.jsonl",
        "hashed_secret": "20f4c6971e1b2638d66647a08d82d4ef0a1dff52",
        "is_verified": false,
        "line_number": 31
      },
      {
        "type": "Hex High Entropy String",
        "filename": "agentic-workflows-v2\\evals\\swe_ab\\ledger\\export\\task.jsonl",
        "hashed_secret": "80c1e63526251349a77eb7b2ea691c7fb1adaac5",
        "is_verified": false,
        "line_number": 32
      },
      {
        "type": "Hex High Entropy String",
        "filename": "agentic-workflows-v2\\evals\\swe_ab\\ledger\\export\\task.jsonl",
        "hashed_secret": "8a7f269e5798a48ffa4fdd4fac5949730eac1187",
        "is_verified": false,
        "line_number": 33
      },
      {
        "type": "Hex High Entropy String",
        "filename": "agentic-workflows-v2\\evals\\swe_ab\\ledger\\export\\task.jsonl",
        "hashed_secret": "8dfae9c70d08fc5c3228fccb4be9badc77098f91",
        "is_verified": false,
        "line_number": 34
      },
      {
        "type": "Hex High Entropy String",
        "filename": "agentic-workflows-v2\\evals\\swe_ab\\ledger\\export\\task.jsonl",
        "hashed_secret": "1aacf6d680f9f90866cf7c317d2f6c18cc16ae4e",
        "is_verified": false,
        "line_number": 35
      },
      {
        "type": "Hex High Entropy String",
        "filename": "agentic-workflows-v2\\evals\\swe_ab\\ledger\\export\\task.jsonl",
        "hashed_secret": "d6e2519a6c26109da3c6f7c016c43345983fc5b0",
        "is_verified": false,
        "line_number": 36
      },
      {
        "type": "Hex High Entropy String",
        "filename": "agentic-workflows-v2\\evals\\swe_ab\\ledger\\export\\task.jsonl",
        "hashed_secret": "19edabd56440faacc104718f131550afdacc1626",
        "is_verified": false,
        "line_number": 38
      },
      {
        "type": "Hex High Entropy String",
        "filename": "agentic-workflows-v2\\evals\\swe_ab\\ledger\\export\\task.jsonl",
        "hashed_secret": "720c801bbc46d127363c908b11fba5632aeac3d8",
        "is_verified": false,
        "line_number": 39
      },
      {
        "type": "Hex High Entropy String",
        "filename": "agentic-workflows-v2\\evals\\swe_ab\\ledger\\export\\task.jsonl",
        "hashed_secret": "a948d59151d61d04109fb2d16d52449f63c014d7",
        "is_verified": false,
        "line_number": 40
      },
      {
        "type": "Hex High Entropy String",
        "filename": "agentic-workflows-v2\\evals\\swe_ab\\ledger\\export\\task.jsonl",
        "hashed_secret": "6fcdf5ff37d6ec13cb503475aa89d47dedcfdf1f",
        "is_verified": false,
        "line_number": 41
      },
      {
        "type": "Hex High Entropy String",
        "filename": "agentic-workflows-v2\\evals\\swe_ab\\ledger\\export\\task.jsonl",
        "hashed_secret": "fe1c5cd4a37e525d1d9d40d5b4c17adef41f9a0c",
        "is_verified": false,
        "line_number": 42
      },
      {
        "type": "Hex High Entropy String",
        "filename": "agentic-workflows-v2\\evals\\swe_ab\\ledger\\export\\task.jsonl",
        "hashed_secret": "703b391f842ac639d6d5dad10950e4e95edd86bf",
        "is_verified": false,
        "line_number": 43
      },
      {
        "type": "Hex High Entropy String",
        "filename": "agentic-workflows-v2\\evals\\swe_ab\\ledger\\export\\task.jsonl",
        "hashed_secret": "b25258c53a64290fc4d8ed8b32ee01ab9e88c71e",
        "is_verified": false,
        "line_number": 44
      },
      {
        "type": "Hex High Entropy String",
        "filename": "agentic-workflows-v2\\evals\\swe_ab\\ledger\\export\\task.jsonl",
        "hashed_secret": "9e5291899ff6e8ead95253c79409b6a634eb5c41",
        "is_verified": false,
        "line_number": 45
      },
      {
        "type": "Hex High Entropy String",
        "filename": "agentic-workflows-v2\\evals\\swe_ab\\ledger\\export\\task.jsonl",
        "hashed_secret": "07ca5c5dd229a84e7ed3ed4f1bea6a6ccca001c4",
        "is_verified": false,
        "line_number": 46
      },
      {
        "type": "Hex High Entropy String",
        "filename": "agentic-workflows-v2\\evals\\swe_ab\\ledger\\export\\task.jsonl",
        "hashed_secret": "02986f7d12c051e8aa9f7212e01a7aeecc038cef",
        "is_verified": false,
        "line_number": 47
      },
      {
        "type": "Hex High Entropy String",
        "filename": "agentic-workflows-v2\\evals\\swe_ab\\ledger\\export\\task.jsonl",
        "hashed_secret": "c5ca2c9970ec87893ad8fc682eef9beb7613598f",
        "is_verified": false,
        "line_number": 48
      },
      {
        "type": "Hex High Entropy String",
        "filename": "agentic-workflows-v2\\evals\\swe_ab\\ledger\\export\\task.jsonl",
        "hashed_secret": "ac12668d16e5ac2e1e0936451e47e1c67fa0b924",
        "is_verified": false,
        "line_number": 49
      },
      {
        "type": "Hex High Entropy String",
        "filename": "agentic-workflows-v2\\evals\\swe_ab\\ledger\\export\\task.jsonl",
        "hashed_secret": "b95db157f9dca56425ab9ac4d349d87117f93af7",
        "is_verified": false,
        "line_number": 50
      },
      {
        "type": "Hex High Entropy String",
        "filename": "agentic-workflows-v2\\evals\\swe_ab\\ledger\\export\\task.jsonl",
        "hashed_secret": "847e492669ba4be9b0d20c372e877d8d564b3df3",
        "is_verified": false,
        "line_number": 51
      },
      {
        "type": "Hex High Entropy String",
        "filename": "agentic-workflows-v2\\evals\\swe_ab\\ledger\\export\\task.jsonl",
        "hashed_secret": "b512e374b45428d4b9c7a17091b414a22b9933a4",
        "is_verified": false,
        "line_number": 52
      },
      {
        "type": "Hex High Entropy String",
        "filename": "agentic-workflows-v2\\evals\\swe_ab\\ledger\\export\\task.jsonl",
        "hashed_secret": "bf8186fd8fd5f4178aca7af4198abedd1fd88c5b",
        "is_verified": false,
        "line_number": 53
      },
      {
        "type": "Hex High Entropy String",
        "filename": "agentic-workflows-v2\\evals\\swe_ab\\ledger\\export\\task.jsonl",
        "hashed_secret": "5990238b4809d2f8e00464bf8bce5867b185f112",
        "is_verified": false,
        "line_number": 54
      },
      {
        "type": "Hex High Entropy String",
        "filename": "agentic-workflows-v2\\evals\\swe_ab\\ledger\\export\\task.jsonl",
        "hashed_secret": "7d778b24c2ac6f6b18cef95401a356fecec7615c",
        "is_verified": false,
        "line_number": 55
      },
      {
        "type": "Hex High Entropy String",
        "filename": "agentic-workflows-v2\\evals\\swe_ab\\ledger\\export\\task.jsonl",
        "hashed_secret": "82d4706a81e06f6d9684ae298a925f56c7cc81ad",
        "is_verified": false,
        "line_number": 56
      },
      {
        "type": "Hex High Entropy String",
        "filename": "agentic-workflows-v2\\evals\\swe_ab\\ledger\\export\\task.jsonl",
        "hashed_secret": "7c2be0eb7c4c11c382c879eff16d6f2a937ca156",
        "is_verified": false,
        "line_number": 57
      },
      {
        "type": "Hex High Entropy String",
        "filename": "agentic-workflows-v2\\evals\\swe_ab\\ledger\\export\\task.jsonl",
        "hashed_secret": "cd98e78637dc756f47d4f2ddc50ff0b7b3fe757d",
        "is_verified": false,
        "line_number": 58
      },
      {
        "type": "Hex High Entropy String",
        "filename": "agentic-workflows-v2\\evals\\swe_ab\\ledger\\export\\task.jsonl",
        "hashed_secret": "c21698c3d1b1f1a41a02a81d885a8c068fe0696f",
        "is_verified": false,
        "line_number": 59
      },
      {
        "type": "Hex High Entropy String",
        "filename": "agentic-workflows-v2\\evals\\swe_ab\\ledger\\export\\task.jsonl",
        "hashed_secret": "d43e7c44cc99259e14568ae1a30147ead7db1f23",
        "is_verified": false,
        "line_number": 60
      },
      {
        "type": "Hex High Entropy String",
        "filename": "agentic-workflows-v2\\evals\\swe_ab\\ledger\\export\\task.jsonl",
        "hashed_secret": "4f07a1762c050649a5de6ff4b7a00e2d5eed1d81",
        "is_verified": false,
        "line_number": 61
      },
      {
        "type": "Hex High Entropy String",
        "filename": "agentic-workflows-v2\\evals\\swe_ab\\ledger\\export\\task.jsonl",
        "hashed_secret": "36ded587ea4eff24ae500cb2ee469a11c916c4a4",
        "is_verified": false,
        "line_number": 63
      },
      {
        "type": "Hex High Entropy String",
        "filename": "agentic-workflows-v2\\evals\\swe_ab\\ledger\\export\\task.jsonl",
        "hashed_secret": "fc9b38959b084daf6cfe5d0b614428ad2936c4cc",
        "is_verified": false,
        "line_number": 64
      },
      {
        "type": "Hex High Entropy String",
        "filename": "agentic-workflows-v2\\evals\\swe_ab\\ledger\\export\\task.jsonl",
        "hashed_secret": "9e4742521bb7999ab6c041c4429880b4fee33595",
        "is_verified": false,
        "line_number": 65
      },
      {
        "type": "Hex High Entropy String",
        "filename": "agentic-workflows-v2\\evals\\swe_ab\\ledger\\export\\task.jsonl",
        "hashed_secret": "fe8dbd2c06489189e4ee3d487b7c2c860c5dea1c",
        "is_verified": false,
        "line_number": 67
      },
      {
        "type": "Hex High Entropy String",
        "filename": "agentic-workflows-v2\\evals\\swe_ab\\ledger\\export\\task.jsonl",
        "hashed_secret": "8c5756c2fe70abeaf23600749c9a86833cb23bbd",
        "is_verified": false,
        "line_number": 68
      },
      {
        "type": "Hex High Entropy String",
        "filename": "agentic-workflows-v2\\evals\\swe_ab\\ledger\\export\\task.jsonl",
        "hashed_secret": "128a055e4002a408855bcedf334654542c9100e0",
        "is_verified": false,
        "line_number": 69
      },
      {
        "type": "Hex High Entropy String",
        "filename": "agentic-workflows-v2\\evals\\swe_ab\\ledger\\export\\task.jsonl",
        "hashed_secret": "25d17aece4b75f45bb20bdf08d5fef940c314d97",
        "is_verified": false,
        "line_number": 70
      },
      {
        "type": "Hex High Entropy String",
        "filename": "agentic-workflows-v2\\evals\\swe_ab\\ledger\\export\\task.jsonl",
        "hashed_secret": "b660bd38320ede28c193ecc84162cf11ea4bc0aa",
        "is_verified": false,
        "line_number": 71
      },
      {
        "type": "Hex High Entropy String",
        "filename": "agentic-workflows-v2\\evals\\swe_ab\\ledger\\export\\task.jsonl",
        "hashed_secret": "ec459c13d80e1a149a7bf051da0ef5d4a33aecfc",
        "is_verified": false,
        "line_number": 72
      },
      {
        "type": "Hex High Entropy String",
        "filename": "agentic-workflows-v2\\evals\\swe_ab\\ledger\\export\\task.jsonl",
        "hashed_secret": "190ff97aef984ee8dfe86cf11d749d9ba89042e9",
        "is_verified": false,
        "line_number": 73
      },
      {
        "type": "Hex High Entropy String",
        "filename": "agentic-workflows-v2\\evals\\swe_ab\\ledger\\export\\task.jsonl",
        "hashed_secret": "8bfe5091f9cc0a44385260c17992b23e3e2d9b46",
        "is_verified": false,
        "line_number": 74
      },
      {
        "type": "Hex High Entropy String",
        "filename": "agentic-workflows-v2\\evals\\swe_ab\\ledger\\export\\task.jsonl",
        "hashed_secret": "7b428247f78fe2ebde896ba5983610794e6c2c67",
        "is_verified": false,
        "line_number": 75
      },
      {
        "type": "Hex High Entropy String",
        "filename": "agentic-workflows-v2\\evals\\swe_ab\\ledger\\export\\task.jsonl",
        "hashed_secret": "2cd7665f5a21fd5cce5249dcdb21beefcb32bcbf",
        "is_verified": false,
        "line_number": 76
      },
      {
        "type": "Hex High Entropy String",
        "filename": "agentic-workflows-v2\\evals\\swe_ab\\ledger\\export\\task.jsonl",
        "hashed_secret": "699b53b4d53b1db67966ba55998c567bb6f05346",
        "is_verified": false,
        "line_number": 77
      },
      {
        "type": "Hex High Entropy String",
        "filename": "agentic-workflows-v2\\evals\\swe_ab\\ledger\\export\\task.jsonl",
        "hashed_secret": "98c0de54768fa8a62bb0abf5f6a8f94097b394b6",
        "is_verified": false,
        "line_number": 78
      },
      {
        "type": "Hex High Entropy String",
        "filename": "agentic-workflows-v2\\evals\\swe_ab\\ledger\\export\\task.jsonl",
        "hashed_secret": "8983547a231e06fce3ce1c64408605e7531d489e",
        "is_verified": false,
        "line_number": 79
      },
      {
        "type": "Hex High Entropy String",
        "filename": "agentic-workflows-v2\\evals\\swe_ab\\ledger\\export\\task.jsonl",
        "hashed_secret": "4934cf1bdf2ef84c0278c2b0def8c06a86607013",
        "is_verified": false,
        "line_number": 80
      },
      {
        "type": "Hex High Entropy String",
        "filename": "agentic-workflows-v2\\evals\\swe_ab\\ledger\\export\\task.jsonl",
        "hashed_secret": "d5d14b1442067e692c79e7dbb4557c128d9c6583",
        "is_verified": false,
        "line_number": 81
      },
      {
        "type": "Hex High Entropy String",
        "filename": "agentic-workflows-v2\\evals\\swe_ab\\ledger\\export\\task.jsonl",
        "hashed_secret": "8cf7b4c658648c11aa9bac22762f3bbb8de659b6",
        "is_verified": false,
        "line_number": 82
      },
      {
        "type": "Hex High Entropy String",
        "filename": "agentic-workflows-v2\\evals\\swe_ab\\ledger\\export\\task.jsonl",
        "hashed_secret": "affc80c289227bd6c72db083450420ca4b34899b",
        "is_verified": false,
        "line_number": 84
      },
      {
        "type": "Hex High Entropy String",
        "filename": "agentic-workflows-v2\\evals\\swe_ab\\ledger\\export\\task.jsonl",
        "hashed_secret": "9a756c64e72f3ee89c10cbe0ff85360c550c7a36",
        "is_verified": false,
        "line_number": 85
      },
      {
        "type": "Hex High Entropy String",
        "filename": "agentic-workflows-v2\\evals\\swe_ab\\ledger\\export\\task.jsonl",
        "hashed_secret": "5f32b89e06146cf0f9f71bba2b96971bc83a9d99",
        "is_verified": false,
        "line_number": 86
      },
      {
        "type": "Hex High Entropy String",
        "filename": "agentic-workflows-v2\\evals\\swe_ab\\ledger\\export\\task.jsonl",
        "hashed_secret": "cfb07b18388c819eae08a772771455ea92115529",
        "is_verified": false,
        "line_number": 87
      },
      {
        "type": "Hex High Entropy String",
        "filename": "agentic-workflows-v2\\evals\\swe_ab\\ledger\\export\\task.jsonl",
        "hashed_secret": "53c1e0f06570ef64bc5db098555f798076f743fa",
        "is_verified": false,
        "line_number": 88
      },
      {
        "type": "Hex High Entropy String",
        "filename": "agentic-workflows-v2\\evals\\swe_ab\\ledger\\export\\task.jsonl",
        "hashed_secret": "8784373c3ffea26dc7320f3f9e35fdfb4bc735a3",
        "is_verified": false,
        "line_number": 89
      },
      {
        "type": "Hex High Entropy String",
        "filename": "agentic-workflows-v2\\evals\\swe_ab\\ledger\\export\\task.jsonl",
        "hashed_secret": "96aa6c603dde1c523880ec41574d46ae7f58148d",
        "is_verified": false,
        "line_number": 90
      },
      {
        "type": "Hex High Entropy String",
        "filename": "agentic-workflows-v2\\evals\\swe_ab\\ledger\\export\\task.jsonl",
        "hashed_secret": "a247058594fd7a678ebb0db6b136593ec5815171",
        "is_verified": false,
        "line_number": 91
      },
      {
        "type": "Hex High Entropy String",
        "filename": "agentic-workflows-v2\\evals\\swe_ab\\ledger\\export\\task.jsonl",
        "hashed_secret": "1a2582cd1180560b7d6187748e63403bcdcb1ff3",
        "is_verified": false,
        "line_number": 92
      },
      {
        "type": "Hex High Entropy String",
        "filename": "agentic-workflows-v2\\evals\\swe_ab\\ledger\\export\\task.jsonl",
        "hashed_secret": "eb1666603c71d4fc4bf76dd7de9b9c68cac57f1a",
        "is_verified": false,
        "line_number": 93
      },
      {
        "type": "Hex High Entropy String",
        "filename": "agentic-workflows-v2\\evals\\swe_ab\\ledger\\export\\task.jsonl",
        "hashed_secret": "da8bea3315f8c21eec2a35258c1ddb7e9f8911f3",
        "is_verified": false,
        "line_number": 94
      },
      {
        "type": "Hex High Entropy String",
        "filename": "agentic-workflows-v2\\evals\\swe_ab\\ledger\\export\\task.jsonl",
        "hashed_secret": "7393f448f84dd1077b8bccd92bf59acee000bc98",
        "is_verified": false,
        "line_number": 95
      },
      {
        "type": "Hex High Entropy String",
        "filename": "agentic-workflows-v2\\evals\\swe_ab\\ledger\\export\\task.jsonl",
        "hashed_secret": "0c8dc23da5ad6a3596c5c2623906469662760a6d",
        "is_verified": false,
        "line_number": 96
      },
      {
        "type": "Hex High Entropy String",
        "filename": "agentic-workflows-v2\\evals\\swe_ab\\ledger\\export\\task.jsonl",
        "hashed_secret": "11f3a3f6b9d0adfbd3687b89912a5a3809d46dc9",
        "is_verified": false,
        "line_number": 97
      },
      {
        "type": "Hex High Entropy String",
        "filename": "agentic-workflows-v2\\evals\\swe_ab\\ledger\\export\\task.jsonl",
        "hashed_secret": "64bccd0c3395d91ed93d98c9c4a29cdc8232a554",
        "is_verified": false,
        "line_number": 99
      },
      {
        "type": "Hex High Entropy String",
        "filename": "agentic-workflows-v2\\evals\\swe_ab\\ledger\\export\\task.jsonl",
        "hashed_secret": "55fc494cc587af4d025a8260f161071e67cf39b3",
        "is_verified": false,
        "line_number": 100
      },
      {
        "type": "Hex High Entropy String",
        "filename": "agentic-workflows-v2\\evals\\swe_ab\\ledger\\export\\task.jsonl",
        "hashed_secret": "ce27dac3d46ae5a0d27952d9ff19b29518c81046",
        "is_verified": false,
        "line_number": 101
      },
      {
        "type": "Hex High Entropy String",
        "filename": "agentic-workflows-v2\\evals\\swe_ab\\ledger\\export\\task.jsonl",
        "hashed_secret": "aa60c98ace2eadb167bcdfc874ff5964a56c0e08",
        "is_verified": false,
        "line_number": 102
      },
      {
        "type": "Hex High Entropy String",
        "filename": "agentic-workflows-v2\\evals\\swe_ab\\ledger\\export\\task.jsonl",
        "hashed_secret": "0d39b9a21d1e48b119fca9adaedae89992c3b7e5",
        "is_verified": false,
        "line_number": 103
      },
      {
        "type": "Hex High Entropy String",
        "filename": "agentic-workflows-v2\\evals\\swe_ab\\ledger\\export\\task.jsonl",
        "hashed_secret": "dcc8991bf7bb279350694fb92b43f5a4bd4e4da0",
        "is_verified": false,
        "line_number": 104
      },
      {
        "type": "Hex High Entropy String",
        "filename": "agentic-workflows-v2\\evals\\swe_ab\\ledger\\export\\task.jsonl",
        "hashed_secret": "04209ae5f578c9eb1c471cd414966ccec89fabef",
        "is_verified": false,
        "line_number": 105
      },
      {
        "type": "Hex High Entropy String",
        "filename": "agentic-workflows-v2\\evals\\swe_ab\\ledger\\export\\task.jsonl",
        "hashed_secret": "9bd4566656cd74d4d70b1c8ab4713835277ae1c7",
        "is_verified": false,
        "line_number": 106
      },
      {
        "type": "Hex High Entropy String",
        "filename": "agentic-workflows-v2\\evals\\swe_ab\\ledger\\export\\task.jsonl",
        "hashed_secret": "9370d6bf13159d03701fc5d3c7fdf3aee63273cf",
        "is_verified": false,
        "line_number": 107
      },
      {
        "type": "Hex High Entropy String",
        "filename": "agentic-workflows-v2\\evals\\swe_ab\\ledger\\export\\task.jsonl",
        "hashed_secret": "0a9081e1f3c2ba4404d1e07b2cbb587147835348",
        "is_verified": false,
        "line_number": 108
      },
      {
        "type": "Hex High Entropy String",
        "filename": "agentic-workflows-v2\\evals\\swe_ab\\ledger\\export\\task.jsonl",
        "hashed_secret": "b1841ab51d0e46b53ff5dc5ed891f91137498cb7",
        "is_verified": false,
        "line_number": 109
      },
      {
        "type": "Hex High Entropy String",
        "filename": "agentic-workflows-v2\\evals\\swe_ab\\ledger\\export\\task.jsonl",
        "hashed_secret": "daf6d7f0b8e4a6edeeb7388e1cbef65f7681b7ef",
        "is_verified": false,
        "line_number": 110
      },
      {
        "type": "Hex High Entropy String",
        "filename": "agentic-workflows-v2\\evals\\swe_ab\\ledger\\export\\task.jsonl",
        "hashed_secret": "232f6d8147e07f24fa80fec3655a0a47ac3fcb72",
        "is_verified": false,
        "line_number": 111
      },
      {
        "type": "Hex High Entropy String",
        "filename": "agentic-workflows-v2\\evals\\swe_ab\\ledger\\export\\task.jsonl",
        "hashed_secret": "ccc07472219e3b80c78c47cda298743cbc3cc443",
        "is_verified": false,
        "line_number": 112
      },
      {
        "type": "Hex High Entropy String",
        "filename": "agentic-workflows-v2\\evals\\swe_ab\\ledger\\export\\task.jsonl",
        "hashed_secret": "115ac08d0d893f0919277d5d7e95d61a3c7d3723",
        "is_verified": false,
        "line_number": 113
      },
      {
        "type": "Hex High Entropy String",
        "filename": "agentic-workflows-v2\\evals\\swe_ab\\ledger\\export\\task.jsonl",
        "hashed_secret": "426a7c1019566744a8fcfdf4c7d484b102151c05",
        "is_verified": false,
        "line_number": 114
      },
      {
        "type": "Hex High Entropy String",
        "filename": "agentic-workflows-v2\\evals\\swe_ab\\ledger\\export\\task.jsonl",
        "hashed_secret": "e6b58bbdc7c1b5d25dc122411f1b8dcbaa329513",
        "is_verified": false,
        "line_number": 115
      },
      {
        "type": "Hex High Entropy String",
        "filename": "agentic-workflows-v2\\evals\\swe_ab\\ledger\\export\\task.jsonl",
        "hashed_secret": "2cd6aae006a7b743ef748d2e2434c58a21fa4eaa",
        "is_verified": false,
        "line_number": 116
      },
      {
        "type": "Hex High Entropy String",
        "filename": "agentic-workflows-v2\\evals\\swe_ab\\ledger\\export\\task.jsonl",
        "hashed_secret": "889c1360740514d16097c77ddad64721aecf7163",
        "is_verified": false,
        "line_number": 117
      },
      {
        "type": "Hex High Entropy String",
        "filename": "agentic-workflows-v2\\evals\\swe_ab\\ledger\\export\\task.jsonl",
        "hashed_secret": "739dec346517ae5594f262f31ab1182eafbdb243",
        "is_verified": false,
        "line_number": 119
      },
      {
        "type": "Hex High Entropy String",
        "filename": "agentic-workflows-v2\\evals\\swe_ab\\ledger\\export\\task.jsonl",
        "hashed_secret": "2c694457a6e8a0170af24b494655117c9d01e2bf",
        "is_verified": false,
        "line_number": 120
      },
      {
        "type": "Hex High Entropy String",
        "filename": "agentic-workflows-v2\\evals\\swe_ab\\ledger\\export\\task.jsonl",
        "hashed_secret": "9210c43341debb99c79f0579a1a7fa683ed5c2d3",
        "is_verified": false,
        "line_number": 121
      },
      {
        "type": "Hex High Entropy String",
        "filename": "agentic-workflows-v2\\evals\\swe_ab\\ledger\\export\\task.jsonl",
        "hashed_secret": "c7687c3a549f02c301319ce4890dc5af06cea7dd",
        "is_verified": false,
        "line_number": 122
      },
      {
        "type": "Hex High Entropy String",
        "filename": "agentic-workflows-v2\\evals\\swe_ab\\ledger\\export\\task.jsonl",
        "hashed_secret": "291163b4df37b9d9beb96386661c5a3c7718a15c",
        "is_verified": false,
        "line_number": 123
      },
      {
        "type": "Hex High Entropy String",
        "filename": "agentic-workflows-v2\\evals\\swe_ab\\ledger\\export\\task.jsonl",
        "hashed_secret": "cbc97a833d8772d3401355afb94d2546d047f59a",
        "is_verified": false,
        "line_number": 125
      },
      {
        "type": "Hex High Entropy String",
        "filename": "agentic-workflows-v2\\evals\\swe_ab\\ledger\\export\\task.jsonl",
        "hashed_secret": "132a722daf09b03dee106be00fb25d8d398f99df",
        "is_verified": false,
        "line_number": 126
      },
      {
        "type": "Hex High Entropy String",
        "filename": "agentic-workflows-v2\\evals\\swe_ab\\ledger\\export\\task.jsonl",
        "hashed_secret": "e3c0ae6ff0dcb9a7c08ea1d321f532053180392d",
        "is_verified": false,
        "line_number": 127
      },
      {
        "type": "Hex High Entropy String",
        "filename": "agentic-workflows-v2\\evals\\swe_ab\\ledger\\export\\task.jsonl",
        "hashed_secret": "d9447904e23b62ae5a9adc52d551302c68107424",
        "is_verified": false,
        "line_number": 128
      },
      {
        "type": "Hex High Entropy String",
        "filename": "agentic-workflows-v2\\evals\\swe_ab\\ledger\\export\\task.jsonl",
        "hashed_secret": "7c552e6e96d0f75dd7e482c42edd684cdd577d64",
        "is_verified": false,
        "line_number": 129
      },
      {
        "type": "Hex High Entropy String",
        "filename": "agentic-workflows-v2\\evals\\swe_ab\\ledger\\export\\task.jsonl",
        "hashed_secret": "12c1a44316b133b4613a3d8fc466d841078af995",
        "is_verified": false,
        "line_number": 130
      },
      {
        "type": "Hex High Entropy String",
        "filename": "agentic-workflows-v2\\evals\\swe_ab\\ledger\\export\\task.jsonl",
        "hashed_secret": "205c7627180fdc93cb02f7a09ccfec59456194a1",
        "is_verified": false,
        "line_number": 131
      },
      {
        "type": "Hex High Entropy String",
        "filename": "agentic-workflows-v2\\evals\\swe_ab\\ledger\\export\\task.jsonl",
        "hashed_secret": "d48c9615168c52f42a18a2a0fedad05329df13c1",
        "is_verified": false,
        "line_number": 132
      },
      {
        "type": "Hex High Entropy String",
        "filename": "agentic-workflows-v2\\evals\\swe_ab\\ledger\\export\\task.jsonl",
        "hashed_secret": "8a4d3a27c5dd86b0a26a791aade4a6a8ed320d6d",
        "is_verified": false,
        "line_number": 133
      },
      {
        "type": "Hex High Entropy String",
        "filename": "agentic-workflows-v2\\evals\\swe_ab\\ledger\\export\\task.jsonl",
        "hashed_secret": "be681fa1b442c74f69669b943733d2f386bf167d",
        "is_verified": false,
        "line_number": 134
      },
      {
        "type": "Hex High Entropy String",
        "filename": "agentic-workflows-v2\\evals\\swe_ab\\ledger\\export\\task.jsonl",
        "hashed_secret": "a1fc92f48935022eac4e8a1fc6924950c5f36799",
        "is_verified": false,
        "line_number": 135
      },
      {
        "type": "Hex High Entropy String",
        "filename": "agentic-workflows-v2\\evals\\swe_ab\\ledger\\export\\task.jsonl",
        "hashed_secret": "b14bf23e2493225f8e90db308467fd5e4f1fb646",
        "is_verified": false,
        "line_number": 137
      },
      {
        "type": "Hex High Entropy String",
        "filename": "agentic-workflows-v2\\evals\\swe_ab\\ledger\\export\\task.jsonl",
        "hashed_secret": "4b808b7f9ab5969e508c5c340a070219a852afa9",
        "is_verified": false,
        "line_number": 138
      },
      {
        "type": "Hex High Entropy String",
        "filename": "agentic-workflows-v2\\evals\\swe_ab\\ledger\\export\\task.jsonl",
        "hashed_secret": "839de181b7f234eea665ce4b66a6fca37bff52d0",
        "is_verified": false,
        "line_number": 139
      },
      {
        "type": "Hex High Entropy String",
        "filename": "agentic-workflows-v2\\evals\\swe_ab\\ledger\\export\\task.jsonl",
        "hashed_secret": "641cd6cf401aa5ab3f7deb35c99912801c5d9289",
        "is_verified": false,
        "line_number": 141
      },
      {
        "type": "Hex High Entropy String",
        "filename": "agentic-workflows-v2\\evals\\swe_ab\\ledger\\export\\task.jsonl",
        "hashed_secret": "c28f5241ce6c12e4dba75850e9dd155c29b20a07",
        "is_verified": false,
        "line_number": 142
      },
      {
        "type": "Hex High Entropy String",
        "filename": "agentic-workflows-v2\\evals\\swe_ab\\ledger\\export\\task.jsonl",
        "hashed_secret": "ec067020501e795a7106330d34fb1d9dc90c1eb2",
        "is_verified": false,
        "line_number": 143
      },
      {
        "type": "Hex High Entropy String",
        "filename": "agentic-workflows-v2\\evals\\swe_ab\\ledger\\export\\task.jsonl",
        "hashed_secret": "1d064efc7fd847fc190b292b47aad27ab0e5a892",
        "is_verified": false,
        "line_number": 144
      },
      {
        "type": "Hex High Entropy String",
        "filename": "agentic-workflows-v2\\evals\\swe_ab\\ledger\\export\\task.jsonl",
        "hashed_secret": "d49399d65ef34b2f7d58c14a9bc9b48d56d6298d",
        "is_verified": false,
        "line_number": 146
      },
      {
        "type": "Hex High Entropy String",
        "filename": "agentic-workflows-v2\\evals\\swe_ab\\ledger\\export\\task.jsonl",
        "hashed_secret": "091390337e9cdbc1042aec5a37834e6892ee1281",
        "is_verified": false,
        "line_number": 147
      },
      {
        "type": "Hex High Entropy String",
        "filename": "agentic-workflows-v2\\evals\\swe_ab\\ledger\\export\\task.jsonl",
        "hashed_secret": "470e8d51f3ad60c134444888a9e68136423b62e7",
        "is_verified": false,
        "line_number": 148
      },
      {
        "type": "Hex High Entropy String",
        "filename": "agentic-workflows-v2\\evals\\swe_ab\\ledger\\export\\task.jsonl",
        "hashed_secret": "77aa4731a0c6717951fbe2f3a2ba40eedb8ab288",
        "is_verified": false,
        "line_number": 150
      },
      {
        "type": "Hex High Entropy String",
        "filename": "agentic-workflows-v2\\evals\\swe_ab\\ledger\\export\\task.jsonl",
        "hashed_secret": "7e62d9d066573abaac16cc084b0a4f9a2125087c",
        "is_verified": false,
        "line_number": 151
      },
      {
        "type": "Hex High Entropy String",
        "filename": "agentic-workflows-v2\\evals\\swe_ab\\ledger\\export\\task.jsonl",
        "hashed_secret": "9a3f560a6537c262e70dc9c3ed113c099abfa38a",
        "is_verified": false,
        "line_number": 152
      },
      {
        "type": "Hex High Entropy String",
        "filename": "agentic-workflows-v2\\evals\\swe_ab\\ledger\\export\\task.jsonl",
        "hashed_secret": "490fba98397ecd8284b22955865e68297a2b9e6f",
        "is_verified": false,
        "line_number": 153
      },
      {
        "type": "Hex High Entropy String",
        "filename": "agentic-workflows-v2\\evals\\swe_ab\\ledger\\export\\task.jsonl",
        "hashed_secret": "60f66494baf08f2d984cfb9b5e768763455c831f",
        "is_verified": false,
        "line_number": 154
      },
      {
        "type": "Hex High Entropy String",
        "filename": "agentic-workflows-v2\\evals\\swe_ab\\ledger\\export\\task.jsonl",
        "hashed_secret": "893a68ecfef35e7319a08c2b5a12e0a5b51eb13d",
        "is_verified": false,
        "line_number": 156
      },
      {
        "type": "Hex High Entropy String",
        "filename": "agentic-workflows-v2\\evals\\swe_ab\\ledger\\export\\task.jsonl",
        "hashed_secret": "1b60b298b33f35daa92e86d9ae0b941467bd7ccd",
        "is_verified": false,
        "line_number": 157
      },
      {
        "type": "Hex High Entropy String",
        "filename": "agentic-workflows-v2\\evals\\swe_ab\\ledger\\export\\task.jsonl",
        "hashed_secret": "d7f693c316be4de151a22290e4aae5eca6904545",
        "is_verified": false,
        "line_number": 158
      },
      {
        "type": "Hex High Entropy String",
        "filename": "agentic-workflows-v2\\evals\\swe_ab\\ledger\\export\\task.jsonl",
        "hashed_secret": "83112d0a89b122e1ffb33b16d63cf61511fd39e4",
        "is_verified": false,
        "line_number": 159
      },
      {
        "type": "Hex High Entropy String",
        "filename": "agentic-workflows-v2\\evals\\swe_ab\\ledger\\export\\task.jsonl",
        "hashed_secret": "db0daa018f71bcc72065f8c99a49d270ec65459f",
        "is_verified": false,
        "line_number": 160
      },
      {
        "type": "Hex High Entropy String",
        "filename": "agentic-workflows-v2\\evals\\swe_ab\\ledger\\export\\task.jsonl",
        "hashed_secret": "c71ed187385d30faf43fd2b95c7be52b35155325",
        "is_verified": false,
        "line_number": 162
      },
      {
        "type": "Hex High Entropy String",
        "filename": "agentic-workflows-v2\\evals\\swe_ab\\ledger\\export\\task.jsonl",
        "hashed_secret": "b98d7f09acb9838d82be12c6e210b11a698dc14d",
        "is_verified": false,
        "line_number": 163
      },
      {
        "type": "Hex High Entropy String",
        "filename": "agentic-workflows-v2\\evals\\swe_ab\\ledger\\export\\task.jsonl",
        "hashed_secret": "2e7dde6e246cf8bb0256466ac59184910488beb6",
        "is_verified": false,
        "line_number": 164
      },
      {
        "type": "Hex High Entropy String",
        "filename": "agentic-workflows-v2\\evals\\swe_ab\\ledger\\export\\task.jsonl",
        "hashed_secret": "abe6e0b2e4287a42c48ae42708547d1fb1ec33a1",
        "is_verified": false,
        "line_number": 165
      },
      {
        "type": "Hex High Entropy String",
        "filename": "agentic-workflows-v2\\evals\\swe_ab\\ledger\\export\\task.jsonl",
        "hashed_secret": "611a34b2ab029cd7c44a42645dea7b5c0a72ce97",
        "is_verified": false,
        "line_number": 166
      },
      {
        "type": "Hex High Entropy String",
        "filename": "agentic-workflows-v2\\evals\\swe_ab\\ledger\\export\\task.jsonl",
        "hashed_secret": "128f06c5f822149390374771c36ba5129225993a",
        "is_verified": false,
        "line_number": 167
      },
      {
        "type": "Hex High Entropy String",
        "filename": "agentic-workflows-v2\\evals\\swe_ab\\ledger\\export\\task.jsonl",
        "hashed_secret": "1a111eaa5c30dca71730c91abf6264996d2119fe",
        "is_verified": false,
        "line_number": 168
      },
      {
        "type": "Hex High Entropy String",
        "filename": "agentic-workflows-v2\\evals\\swe_ab\\ledger\\export\\task.jsonl",
        "hashed_secret": "0c169a7ce17fa45b0f5ee8c9457915788c24969c",
        "is_verified": false,
        "line_number": 169
      },
      {
        "type": "Hex High Entropy String",
        "filename": "agentic-workflows-v2\\evals\\swe_ab\\ledger\\export\\task.jsonl",
        "hashed_secret": "b902102ef92f2c73596e049cd5971ab7a88ab161",
        "is_verified": false,
        "line_number": 170
      },
      {
        "type": "Hex High Entropy String",
        "filename": "agentic-workflows-v2\\evals\\swe_ab\\ledger\\export\\task.jsonl",
        "hashed_secret": "3343cf477ba2a79890060714aa000bb36b24711e",
        "is_verified": false,
        "line_number": 171
      },
      {
        "type": "Hex High Entropy String",
        "filename": "agentic-workflows-v2\\evals\\swe_ab\\ledger\\export\\task.jsonl",
        "hashed_secret": "a77067d45cc8175bb10f887d08c2dce88d5b9f83",
        "is_verified": false,
        "line_number": 173
      },
      {
        "type": "Hex High Entropy String",
        "filename": "agentic-workflows-v2\\evals\\swe_ab\\ledger\\export\\task.jsonl",
        "hashed_secret": "9e745d9068c32e55679e17142e600b92b06493ac",
        "is_verified": false,
        "line_number": 174
      },
      {
        "type": "Hex High Entropy String",
        "filename": "agentic-workflows-v2\\evals\\swe_ab\\ledger\\export\\task.jsonl",
        "hashed_secret": "392df02376e0be46abd90b9f8bb7a7a78a3840b8",
        "is_verified": false,
        "line_number": 175
      },
      {
        "type": "Hex High Entropy String",
        "filename": "agentic-workflows-v2\\evals\\swe_ab\\ledger\\export\\task.jsonl",
        "hashed_secret": "58885f3c607cfed55644e79fe91ed0d41a201465",
        "is_verified": false,
        "line_number": 176
      },
      {
        "type": "Hex High Entropy String",
        "filename": "agentic-workflows-v2\\evals\\swe_ab\\ledger\\export\\task.jsonl",
        "hashed_secret": "d8309d6f6e3581a5e611d817fe88ad942f5be755",
        "is_verified": false,
        "line_number": 178
      },
      {
        "type": "Hex High Entropy String",
        "filename": "agentic-workflows-v2\\evals\\swe_ab\\ledger\\export\\task.jsonl",
        "hashed_secret": "eda2c8cb0de4b9c229d359d216af02e5ebe57cd1",
        "is_verified": false,
        "line_number": 179
      },
      {
        "type": "Hex High Entropy String",
        "filename": "agentic-workflows-v2\\evals\\swe_ab\\ledger\\export\\task.jsonl",
        "hashed_secret": "02fe7e6fcd6aa5d12a3d6276407f22c5435ac0b4",
        "is_verified": false,
        "line_number": 181
      },
      {
        "type": "Hex High Entropy String",
        "filename": "agentic-workflows-v2\\evals\\swe_ab\\ledger\\export\\task.jsonl",
        "hashed_secret": "718091be0d79589759b3b49e803e065a8a9a4b62",
        "is_verified": false,
        "line_number": 183
      },
      {
        "type": "Hex High Entropy String",
        "filename": "agentic-workflows-v2\\evals\\swe_ab\\ledger\\export\\task.jsonl",
        "hashed_secret": "1458d0d54655cdacb37d2e4590c70d0f644c7acf",
        "is_verified": false,
        "line_number": 185
      },
      {
        "type": "Hex High Entropy String",
        "filename": "agentic-workflows-v2\\evals\\swe_ab\\ledger\\export\\task.jsonl",
        "hashed_secret": "267fc9ff5b971154d403f860f83520281d13e5b0",
        "is_verified": false,
        "line_number": 186
      },
      {
        "type": "Hex High Entropy String",
        "filename": "agentic-workflows-v2\\evals\\swe_ab\\ledger\\export\\task.jsonl",
        "hashed_secret": "6a453e469cd14c5d55e736176bb39b81d4201f79",
        "is_verified": false,
        "line_number": 187
      },
      {
        "type": "Hex High Entropy String",
        "filename": "agentic-workflows-v2\\evals\\swe_ab\\ledger\\export\\task.jsonl",
        "hashed_secret": "a2a5016848f8722cf8e6fe94eb64f52f22d9d86d",
        "is_verified": false,
        "line_number": 188
      },
      {
        "type": "Hex High Entropy String",
        "filename": "agentic-workflows-v2\\evals\\swe_ab\\ledger\\export\\task.jsonl",
        "hashed_secret": "a05bb6c9b2795e43e4058e9089135f2287e9cf4a",
        "is_verified": false,
        "line_number": 189
      },
      {
        "type": "Hex High Entropy String",
        "filename": "agentic-workflows-v2\\evals\\swe_ab\\ledger\\export\\task.jsonl",
        "hashed_secret": "f7d3cc5609f5c8932d3351268db6827d4c1e0bb0",
        "is_verified": false,
        "line_number": 190
      },
      {
        "type": "Hex High Entropy String",
        "filename": "agentic-workflows-v2\\evals\\swe_ab\\ledger\\export\\task.jsonl",
        "hashed_secret": "b08bf2611d8c88baf183739b12089ef3f493081a",
        "is_verified": false,
        "line_number": 191
      },
      {
        "type": "Hex High Entropy String",
        "filename": "agentic-workflows-v2\\evals\\swe_ab\\ledger\\export\\task.jsonl",
        "hashed_secret": "64a1a7d1e34afb6c67e3bb4a98145384cd878d1f",
        "is_verified": false,
        "line_number": 192
      },
      {
        "type": "Hex High Entropy String",
        "filename": "agentic-workflows-v2\\evals\\swe_ab\\ledger\\export\\task.jsonl",
        "hashed_secret": "4da2d15898b27f19ea5a9b72447d860fd8f41732",
        "is_verified": false,
        "line_number": 193
      },
      {
        "type": "Hex High Entropy String",
        "filename": "agentic-workflows-v2\\evals\\swe_ab\\ledger\\export\\task.jsonl",
        "hashed_secret": "711edf637beb5cc5d52ae3a58d60dfdc4b4aa0db",
        "is_verified": false,
        "line_number": 194
      },
      {
        "type": "Hex High Entropy String",
        "filename": "agentic-workflows-v2\\evals\\swe_ab\\ledger\\export\\task.jsonl",
        "hashed_secret": "a349cbe107b3f0588f48626975380ff09cb0bf7a",
        "is_verified": false,
        "line_number": 195
      },
      {
        "type": "Hex High Entropy String",
        "filename": "agentic-workflows-v2\\evals\\swe_ab\\ledger\\export\\task.jsonl",
        "hashed_secret": "3085c4c9d3db45bb189839b621d669f2cd1d482a",
        "is_verified": false,
        "line_number": 196
      },
      {
        "type": "Hex High Entropy String",
        "filename": "agentic-workflows-v2\\evals\\swe_ab\\ledger\\export\\task.jsonl",
        "hashed_secret": "95af836bc98235d3a8926ba2632d559c4fae6602",
        "is_verified": false,
        "line_number": 197
      },
      {
        "type": "Hex High Entropy String",
        "filename": "agentic-workflows-v2\\evals\\swe_ab\\ledger\\export\\task.jsonl",
        "hashed_secret": "c1078b472065f2433c9e046ac34dd77a872f41f4",
        "is_verified": false,
        "line_number": 198
      },
      {
        "type": "Hex High Entropy String",
        "filename": "agentic-workflows-v2\\evals\\swe_ab\\ledger\\export\\task.jsonl",
        "hashed_secret": "49753742d20299df08849366757817c304a872ae",
        "is_verified": false,
        "line_number": 199
      },
      {
        "type": "Hex High Entropy String",
        "filename": "agentic-workflows-v2\\evals\\swe_ab\\ledger\\export\\task.jsonl",
        "hashed_secret": "bddba5a53084f8b21abe9ec8b72523466d590673",
        "is_verified": false,
        "line_number": 200
      },
      {
        "type": "Hex High Entropy String",
        "filename": "agentic-workflows-v2\\evals\\swe_ab\\ledger\\export\\task.jsonl",
        "hashed_secret": "f5c989c525406dfd2087367c5745ddc77bfcb24d",
        "is_verified": false,
        "line_number": 201
      },
      {
        "type": "Hex High Entropy String",
        "filename": "agentic-workflows-v2\\evals\\swe_ab\\ledger\\export\\task.jsonl",
        "hashed_secret": "c6d378229095d40b77e7780cd9fdaf13ca2fffc3",
        "is_verified": false,
        "line_number": 202
      },
      {
        "type": "Hex High Entropy String",
        "filename": "agentic-workflows-v2\\evals\\swe_ab\\ledger\\export\\task.jsonl",
        "hashed_secret": "6f9fcb331503168295eed1e88d94a6a5c307386b",
        "is_verified": false,
        "line_number": 203
      },
      {
        "type": "Hex High Entropy String",
        "filename": "agentic-workflows-v2\\evals\\swe_ab\\ledger\\export\\task.jsonl",
        "hashed_secret": "5b03f19d8c1d35eeedf0993aa966c6ab9889c588",
        "is_verified": false,
        "line_number": 204
      },
      {
        "type": "Hex High Entropy String",
        "filename": "agentic-workflows-v2\\evals\\swe_ab\\ledger\\export\\task.jsonl",
        "hashed_secret": "f30b72f2b5b8a37596d03e2e07babf81f27b49c5",
        "is_verified": false,
        "line_number": 205
      },
      {
        "type": "Hex High Entropy String",
        "filename": "agentic-workflows-v2\\evals\\swe_ab\\ledger\\export\\task.jsonl",
        "hashed_secret": "0cb6f1890c14cac9c1a3b3c5a653b4403c3e088e",
        "is_verified": false,
        "line_number": 206
      },
      {
        "type": "Hex High Entropy String",
        "filename": "agentic-workflows-v2\\evals\\swe_ab\\ledger\\export\\task.jsonl",
        "hashed_secret": "5037eb34a0d9b6a9cc0a24a9f8ac56f39ca8033c",
        "is_verified": false,
        "line_number": 207
      },
      {
        "type": "Hex High Entropy String",
        "filename": "agentic-workflows-v2\\evals\\swe_ab\\ledger\\export\\task.jsonl",
        "hashed_secret": "55739ad52746a2a6f807484ab2dc2db41abf14e7",
        "is_verified": false,
        "line_number": 208
      },
      {
        "type": "Hex High Entropy String",
        "filename": "agentic-workflows-v2\\evals\\swe_ab\\ledger\\export\\task.jsonl",
        "hashed_secret": "741825d3ca590f8f92c5598800f45ff9622a9ec4",
        "is_verified": false,
        "line_number": 209
      },
      {
        "type": "Hex High Entropy String",
        "filename": "agentic-workflows-v2\\evals\\swe_ab\\ledger\\export\\task.jsonl",
        "hashed_secret": "ed388761587ed28077a8c1ecbeb6d4c6591625b5",
        "is_verified": false,
        "line_number": 210
      },
      {
        "type": "Hex High Entropy String",
        "filename": "agentic-workflows-v2\\evals\\swe_ab\\ledger\\export\\task.jsonl",
        "hashed_secret": "c914697ffbbac28d9f7b12d880c476033bff8236",
        "is_verified": false,
        "line_number": 211
      },
      {
        "type": "Hex High Entropy String",
        "filename": "agentic-workflows-v2\\evals\\swe_ab\\ledger\\export\\task.jsonl",
        "hashed_secret": "e263d50035313094ed70af36ad939ccbadab7f34",
        "is_verified": false,
        "line_number": 212
      },
      {
        "type": "Hex High Entropy String",
        "filename": "agentic-workflows-v2\\evals\\swe_ab\\ledger\\export\\task.jsonl",
        "hashed_secret": "43797fc40131daefe2ca4babc7290ba29233003c",
        "is_verified": false,
        "line_number": 214
      },
      {
        "type": "Hex High Entropy String",
        "filename": "agentic-workflows-v2\\evals\\swe_ab\\ledger\\export\\task.jsonl",
        "hashed_secret": "2fced01cee3a3f3f1259db25d831bc6d161f622e",
        "is_verified": false,
        "line_number": 215
      },
      {
        "type": "Hex High Entropy String",
        "filename": "agentic-workflows-v2\\evals\\swe_ab\\ledger\\export\\task.jsonl",
        "hashed_secret": "8bea8e08058732f83b6b17c9e588749991083864",
        "is_verified": false,
        "line_number": 217
      },
      {
        "type": "Hex High Entropy String",
        "filename": "agentic-workflows-v2\\evals\\swe_ab\\ledger\\export\\task.jsonl",
        "hashed_secret": "10e1fe5d59f0842be75d0be9222c2b6b671bf3e5",
        "is_verified": false,
        "line_number": 218
      },
      {
        "type": "Hex High Entropy String",
        "filename": "agentic-workflows-v2\\evals\\swe_ab\\ledger\\export\\task.jsonl",
        "hashed_secret": "26ffbdc709f802cf60e7fcf7b33597a3b38e9340",
        "is_verified": false,
        "line_number": 219
      },
      {
        "type": "Hex High Entropy String",
        "filename": "agentic-workflows-v2\\evals\\swe_ab\\ledger\\export\\task.jsonl",
        "hashed_secret": "ef7541d2282cfb64a3dd9933adb618fc8246234c",
        "is_verified": false,
        "line_number": 220
      }
    ],
    "agentic-workflows-v2\\evals\\swe_ab\\reports\\arm-a-direct.json": [
      {
        "type": "Secret Keyword",
        "filename": "agentic-workflows-v2\\evals\\swe_ab\\reports\\arm-a-direct.json",
        "hashed_secret": "17bb10d3f44323963c21bf3c97341ebb5accf05e",
        "is_verified": false,
        "line_number": 431
      }
    ],
    "agentic-workflows-v2\\tests\\fixtures\\secrets_corpus.py": [
      {
        "type": "Base64 High Entropy String",
        "filename": "agentic-workflows-v2\\tests\\fixtures\\secrets_corpus.py",
        "hashed_secret": "0edb82cfe1eb8170fbcfcaf63dc9d0ef1415bce2",
        "is_verified": false,
        "line_number": 14
      },
      {
        "type": "Base64 High Entropy String",
        "filename": "agentic-workflows-v2\\tests\\fixtures\\secrets_corpus.py",
        "hashed_secret": "898effac4b64413f2e67b07992dfa4b3c017c9f7",
        "is_verified": false,
        "line_number": 15
      },
      {
        "type": "JSON Web Token",
        "filename": "agentic-workflows-v2\\tests\\fixtures\\secrets_corpus.py",
        "hashed_secret": "34c659f4df06118f5bc39edc355b4542851ad3f6",
        "is_verified": false,
        "line_number": 28
      },
      {
        "type": "Private Key",
        "filename": "agentic-workflows-v2\\tests\\fixtures\\secrets_corpus.py",
        "hashed_secret": "be4fc4886bd949b369d5e092eb87494f12e57e5b",
        "is_verified": false,
        "line_number": 33
      },
      {
        "type": "Private Key",
        "filename": "agentic-workflows-v2\\tests\\fixtures\\secrets_corpus.py",
        "hashed_secret": "27c6929aef41ae2bcadac15ca6abcaff72cda9cd",
        "is_verified": false,
        "line_number": 34
      },
      {
        "type": "Basic Auth Credentials",
        "filename": "agentic-workflows-v2\\tests\\fixtures\\secrets_corpus.py",
        "hashed_secret": "cbfdac6008f9cab4083784cbd1874f76618d2a97",
        "is_verified": false,
        "line_number": 37
      },
      {
        "type": "Basic Auth Credentials",
        "filename": "agentic-workflows-v2\\tests\\fixtures\\secrets_corpus.py",
        "hashed_secret": "9d4e1e23bd5b727046a9e3b4b7db57bd8d6ee684",
        "is_verified": false,
        "line_number": 38
      }
    ],
    "agentic-workflows-v2\\tests\\golden\\prompt_fingerprints.json": [
      {
        "type": "Hex High Entropy String",
        "filename": "agentic-workflows-v2\\tests\\golden\\prompt_fingerprints.json",
        "hashed_secret": "9aa807e38f1c2b380e58b8008444f2beff37d3cc",
        "is_verified": false,
        "line_number": 3
      },
      {
        "type": "Hex High Entropy String",
        "filename": "agentic-workflows-v2\\tests\\golden\\prompt_fingerprints.json",
        "hashed_secret": "1e3593a583b01b972ed16a601586f07655d1ed05",
        "is_verified": false,
        "line_number": 10
      },
      {
        "type": "Hex High Entropy String",
        "filename": "agentic-workflows-v2\\tests\\golden\\prompt_fingerprints.json",
        "hashed_secret": "09b950c3ccc637d640187afff5ec467cf3e9dd27",
        "is_verified": false,
        "line_number": 17
      },
      {
        "type": "Hex High Entropy String",
        "filename": "agentic-workflows-v2\\tests\\golden\\prompt_fingerprints.json",
        "hashed_secret": "95fb104112d39b27331852397ab1ad01dab26bdf",
        "is_verified": false,
        "line_number": 24
      },
      {
        "type": "Hex High Entropy String",
        "filename": "agentic-workflows-v2\\tests\\golden\\prompt_fingerprints.json",
        "hashed_secret": "092fd1171501f2255f98242172137bdab8f3e077",
        "is_verified": false,
        "line_number": 31
      },
      {
        "type": "Hex High Entropy String",
        "filename": "agentic-workflows-v2\\tests\\golden\\prompt_fingerprints.json",
        "hashed_secret": "df65bfec13781675c8910b97eeb17f49c01ca3e1",
        "is_verified": false,
        "line_number": 38
      },
      {
        "type": "Hex High Entropy String",
        "filename": "agentic-workflows-v2\\tests\\golden\\prompt_fingerprints.json",
        "hashed_secret": "2b7f32d131e5415aa3b0e597181d4bdc18d9a1da",
        "is_verified": false,
        "line_number": 45
      },
      {
        "type": "Hex High Entropy String",
        "filename": "agentic-workflows-v2\\tests\\golden\\prompt_fingerprints.json",
        "hashed_secret": "7dc8f89dcf85fef255807633a5b3f503895a4ade",
        "is_verified": false,
        "line_number": 52
      }
    ],
    "agentic-workflows-v2\\tests\\integrations\\mcp\\test_config_loader.py": [
      {
        "type": "Secret Keyword",
        "filename": "agentic-workflows-v2\\tests\\integrations\\mcp\\test_config_loader.py",
        "hashed_secret": "83ff9f4e0d16d61727cbdf47d769fb707b652217",
        "is_verified": false,
        "line_number": 44
      },
      {
        "type": "Secret Keyword",
        "filename": "agentic-workflows-v2\\tests\\integrations\\mcp\\test_config_loader.py",
        "hashed_secret": "e48c47f1431afd3bb030deea266b4309e2228c5b",
        "is_verified": false,
        "line_number": 113
      }
    ],
    "agentic-workflows-v2\\tests\\models\\test_backends_claude.py": [
      {
        "type": "Secret Keyword",
        "filename": "agentic-workflows-v2\\tests\\models\\test_backends_claude.py",
        "hashed_secret": "a45c2264b8cab0f1e0637f6c44501c0f34f7e227",
        "is_verified": false,
        "line_number": 155
      }
    ],
    "agentic-workflows-v2\\tests\\models\\test_digitalocean_builder.py": [
      {
        "type": "Secret Keyword",
        "filename": "agentic-workflows-v2\\tests\\models\\test_digitalocean_builder.py",
        "hashed_secret": "4bf7a5a30586a3dcff67ce3ccd2684c7609eb5b4",
        "is_verified": false,
        "line_number": 69
      }
    ],
    "agentic-workflows-v2\\tests\\models\\test_local_discovery.py": [
      {
        "type": "Secret Keyword",
        "filename": "agentic-workflows-v2\\tests\\models\\test_local_discovery.py",
        "hashed_secret": "a8d6eed096058f4559b4d3a0d76d46a9ceb10292",
        "is_verified": false,
        "line_number": 527
      }
    ],
    "agentic-workflows-v2\\tests\\models\\test_nvidia_backend.py": [
      {
        "type": "Secret Keyword",
        "filename": "agentic-workflows-v2\\tests\\models\\test_nvidia_backend.py",
        "hashed_secret": "74d1d3c3569b4d198e916cf88eaea9442ee151a3",
        "is_verified": false,
        "line_number": 73
      }
    ],
    "agentic-workflows-v2\\tests\\models\\test_openrouter_backend.py": [
      {
        "type": "Secret Keyword",
        "filename": "agentic-workflows-v2\\tests\\models\\test_openrouter_backend.py",
        "hashed_secret": "3acfb2c2b433c0ea7ff107e33df91b18e52f960f",
        "is_verified": false,
        "line_number": 50
      }
    ],
    "agentic-workflows-v2\\tests\\server\\test_chat_route.py": [
      {
        "type": "Base64 High Entropy String",
        "filename": "agentic-workflows-v2\\tests\\server\\test_chat_route.py",
        "hashed_secret": "311a97e7332aa12c00fb1a09ee56528f673e7782",
        "is_verified": false,
        "line_number": 461
      },
      {
        "type": "Hex High Entropy String",
        "filename": "agentic-workflows-v2\\tests\\server\\test_chat_route.py",
        "hashed_secret": "b1775a785f09a6ebaf2dc33d6eaeb98974d9cdb8",
        "is_verified": false,
        "line_number": 462
      }
    ],
    "agentic-workflows-v2\\tests\\server\\test_settings_routes.py": [
      {
        "type": "Secret Keyword",
        "filename": "agentic-workflows-v2\\tests\\server\\test_settings_routes.py",
        "hashed_secret": "6ca791264241b79f7599cca96c67465a69eda0f3",
        "is_verified": false,
        "line_number": 51
      },
      {
        "type": "Secret Keyword",
        "filename": "agentic-workflows-v2\\tests\\server\\test_settings_routes.py",
        "hashed_secret": "fe72967536aedcae9b1b1e4eaf2c53494e17a638",
        "is_verified": false,
        "line_number": 70
      }
    ],
    "agentic-workflows-v2\\tests\\slo\\first-span-latency.json": [
      {
        "type": "Hex High Entropy String",
        "filename": "agentic-workflows-v2\\tests\\slo\\first-span-latency.json",
        "hashed_secret": "4e8a1731effbe5d9a35559c9e6d208e2fa4ce157",
        "is_verified": false,
        "line_number": 8
      },
      {
        "type": "Hex High Entropy String",
        "filename": "agentic-workflows-v2\\tests\\slo\\first-span-latency.json",
        "hashed_secret": "95c3e4d1545e5ac555982ad57555fb6d2f7df14d",
        "is_verified": false,
        "line_number": 28
      }
    ],
    "agentic-workflows-v2\\tests\\test_azure_onnx_backends.py": [
      {
        "type": "Secret Keyword",
        "filename": "agentic-workflows-v2\\tests\\test_azure_onnx_backends.py",
        "hashed_secret": "dff6d4ff5dc357cf451d1855ab9cbda562645c9f",
        "is_verified": false,
        "line_number": 52
      }
    ],
    "agentic-workflows-v2\\tests\\test_claude_sdk_agent.py": [
      {
        "type": "Secret Keyword",
        "filename": "agentic-workflows-v2\\tests\\test_claude_sdk_agent.py",
        "hashed_secret": "3c513544bca249e4c0d165c2a06e476d56e69fc1",
        "is_verified": false,
        "line_number": 116
      }
    ],
    "agentic-workflows-v2\\tests\\test_implementations_sanitization.py": [
      {
        "type": "Secret Keyword",
        "filename": "agentic-workflows-v2\\tests\\test_implementations_sanitization.py",
        "hashed_secret": "3acfb2c2b433c0ea7ff107e33df91b18e52f960f",
        "is_verified": false,
        "line_number": 60
      }
    ],
    "agentic-workflows-v2\\tests\\test_middleware_integration.py": [
      {
        "type": "AWS Access Key",
        "filename": "agentic-workflows-v2\\tests\\test_middleware_integration.py",
        "hashed_secret": "25910f981e85ca04baf359199dd0bd4a3ae738b6",
        "is_verified": false,
        "line_number": 42
      },
      {
        "type": "GitHub Token",
        "filename": "agentic-workflows-v2\\tests\\test_middleware_integration.py",
        "hashed_secret": "e175c6f5f2a92e8623bd9a4820edb4e8c1b0fd10",
        "is_verified": false,
        "line_number": 49
      }
    ],
    "agentic-workflows-v2\\tests\\test_model_backends.py": [
      {
        "type": "Secret Keyword",
        "filename": "agentic-workflows-v2\\tests\\test_model_backends.py",
        "hashed_secret": "3acfb2c2b433c0ea7ff107e33df91b18e52f960f",
        "is_verified": false,
        "line_number": 384
      },
      {
        "type": "Secret Keyword",
        "filename": "agentic-workflows-v2\\tests\\test_model_backends.py",
        "hashed_secret": "a47110e348a3063541fb1f1f640d635d457181a0",
        "is_verified": false,
        "line_number": 460
      },
      {
        "type": "Secret Keyword",
        "filename": "agentic-workflows-v2\\tests\\test_model_backends.py",
        "hashed_secret": "26b95fddc070f2ecb33a5db7e978c6e2e0e6b5c0",
        "is_verified": false,
        "line_number": 605
      }
    ],
    "agentic-workflows-v2\\tests\\test_model_secrets.py": [
      {
        "type": "Secret Keyword",
        "filename": "agentic-workflows-v2\\tests\\test_model_secrets.py",
        "hashed_secret": "d18aac96b905b4b3c839891b7a91c9414149514c",
        "is_verified": false,
        "line_number": 63
      }
    ],
    "agentic-workflows-v2\\tests\\test_openrouter_provider.py": [
      {
        "type": "Secret Keyword",
        "filename": "agentic-workflows-v2\\tests\\test_openrouter_provider.py",
        "hashed_secret": "3acfb2c2b433c0ea7ff107e33df91b18e52f960f",
        "is_verified": false,
        "line_number": 103
      }
    ],
    "agentic-workflows-v2\\tests\\test_secret_detector.py": [
      {
        "type": "Base64 High Entropy String",
        "filename": "agentic-workflows-v2\\tests\\test_secret_detector.py",
        "hashed_secret": "6a4de5047e5f865c8f3b58adc67a7bed8672cc2c",
        "is_verified": false,
        "line_number": 56
      }
    ],
    "agentic-workflows-v2\\tests\\test_traceparent.py": [
      {
        "type": "Hex High Entropy String",
        "filename": "agentic-workflows-v2\\tests\\test_traceparent.py",
        "hashed_secret": "11d33efc2208b4c342269d8da7cde286f9681f0f",
        "is_verified": false,
        "line_number": 310
      }
    ],
    "agentic-workflows-v2\\tests\\test_ui_settings.py": [
      {
        "type": "Secret Keyword",
        "filename": "agentic-workflows-v2\\tests\\test_ui_settings.py",
        "hashed_secret": "fb0123cbab73d8a58896fbe39b8b7b5b6df15c5e",
        "is_verified": false,
        "line_number": 52
      },
      {
        "type": "Secret Keyword",
        "filename": "agentic-workflows-v2\\tests\\test_ui_settings.py",
        "hashed_secret": "adf70d13aa45075bacb940dbb3d0b7dc7097083e",
        "is_verified": false,
        "line_number": 56
      },
      {
        "type": "Secret Keyword",
        "filename": "agentic-workflows-v2\\tests\\test_ui_settings.py",
        "hashed_secret": "02ecb94373bfb3dfe827ca18409f50b016e8302a",
        "is_verified": false,
        "line_number": 111
      }
    ],
    "agentic-workflows-v2\\tests\\test_workflow_tracing.py": [
      {
        "type": "Secret Keyword",
        "filename": "agentic-workflows-v2\\tests\\test_workflow_tracing.py",
        "hashed_secret": "f32b67c7e26342af42efabc674d441dca0a281c5",
        "is_verified": false,
        "line_number": 236
      }
    ],
    "agentic-workflows-v2\\ui\\src\\__tests__\\SettingsPage.test.tsx": [
      {
        "type": "Secret Keyword",
        "filename": "agentic-workflows-v2\\ui\\src\\__tests__\\SettingsPage.test.tsx",
        "hashed_secret": "f8ca0d7266886f4b5be9adddc9b66017b3bf1a4b",
        "is_verified": false,
        "line_number": 35
      }
    ],
    "agentic-workflows-v2\\ui\\src\\__tests__\\tracing.test.ts": [
      {
        "type": "Hex High Entropy String",
        "filename": "agentic-workflows-v2\\ui\\src\\__tests__\\tracing.test.ts",
        "hashed_secret": "11d33efc2208b4c342269d8da7cde286f9681f0f",
        "is_verified": false,
        "line_number": 44
      }
    ],
    "agentic-workflows-v2\\ui\\src\\components\\settings\\ProviderPanel.tsx": [
      {
        "type": "Secret Keyword",
        "filename": "agentic-workflows-v2\\ui\\src\\components\\settings\\ProviderPanel.tsx",
        "hashed_secret": "02ecb94373bfb3dfe827ca18409f50b016e8302a",
        "is_verified": false,
        "line_number": 78
      },
      {
        "type": "Secret Keyword",
        "filename": "agentic-workflows-v2\\ui\\src\\components\\settings\\ProviderPanel.tsx",
        "hashed_secret": "f8ca0d7266886f4b5be9adddc9b66017b3bf1a4b",
        "is_verified": false,
        "line_number": 79
      },
      {
        "type": "Secret Keyword",
        "filename": "agentic-workflows-v2\\ui\\src\\components\\settings\\ProviderPanel.tsx",
        "hashed_secret": "c267b646441a206d44803d8cb20896c4a166cac2",
        "is_verified": false,
        "line_number": 80
      }
    ],
    "docs\\configuration.md": [
      {
        "type": "Basic Auth Credentials",
        "filename": "docs\\configuration.md",
        "hashed_secret": "9d4e1e23bd5b727046a9e3b4b7db57bd8d6ee684",
        "is_verified": false,
        "line_number": 318
      }
    ],
    "infra\\azure\\main.bicep": [
      {
        "type": "Secret Keyword",
        "filename": "infra\\azure\\main.bicep",
        "hashed_secret": "a95e7a27dbf5384cc4a3395d23b026f243d5269a",
        "is_verified": false,
        "line_number": 251
      },
      {
        "type": "Secret Keyword",
        "filename": "infra\\azure\\main.bicep",
        "hashed_secret": "e30002a11455173e91beb5763ba008ec85d41f2d",
        "is_verified": false,
        "line_number": 255
      }
    ],
    "load\\results\\redis_cas_run.json": [
      {
        "type": "Hex High Entropy String",
        "filename": "load\\results\\redis_cas_run.json",
        "hashed_secret": "67a74306b06d0c01624fe0d0249a570f4d093747",
        "is_verified": false,
        "line_number": 5
      },
      {
        "type": "Hex High Entropy String",
        "filename": "load\\results\\redis_cas_run.json",
        "hashed_secret": "18e1b69794448a47d3da32df682ccae110893ff1",
        "is_verified": false,
        "line_number": 11
      }
    ],
    "load\\results\\scale_1replica.json": [
      {
        "type": "Hex High Entropy String",
        "filename": "load\\results\\scale_1replica.json",
        "hashed_secret": "67a74306b06d0c01624fe0d0249a570f4d093747",
        "is_verified": false,
        "line_number": 5
      },
      {
        "type": "Hex High Entropy String",
        "filename": "load\\results\\scale_1replica.json",
        "hashed_secret": "418a5b8e4e8066ecfc1cff694e60db50f95412f6",
        "is_verified": false,
        "line_number": 9
      },
      {
        "type": "Hex High Entropy String",
        "filename": "load\\results\\scale_1replica.json",
        "hashed_secret": "716557370a5ec3a64b41f47309c79eb72466bf50",
        "is_verified": false,
        "line_number": 18
      },
      {
        "type": "Hex High Entropy String",
        "filename": "load\\results\\scale_1replica.json",
        "hashed_secret": "8aa4948f99330e0ff277b28641e32931f2af846f",
        "is_verified": false,
        "line_number": 25
      }
    ],
    "load\\results\\scale_3replica.json": [
      {
        "type": "Hex High Entropy String",
        "filename": "load\\results\\scale_3replica.json",
        "hashed_secret": "418a5b8e4e8066ecfc1cff694e60db50f95412f6",
        "is_verified": false,
        "line_number": 8
      },
      {
        "type": "Hex High Entropy String",
        "filename": "load\\results\\scale_3replica.json",
        "hashed_secret": "716557370a5ec3a64b41f47309c79eb72466bf50",
        "is_verified": false,
        "line_number": 13
      },
      {
        "type": "Hex High Entropy String",
        "filename": "load\\results\\scale_3replica.json",
        "hashed_secret": "8aa4948f99330e0ff277b28641e32931f2af846f",
        "is_verified": false,
        "line_number": 22
      },
      {
        "type": "Hex High Entropy String",
        "filename": "load\\results\\scale_3replica.json",
        "hashed_secret": "67a74306b06d0c01624fe0d0249a570f4d093747",
        "is_verified": false,
        "line_number": 28
      }
    ],
    "tools\\llm\\probe_config.py": [
      {
        "type": "Secret Keyword",
        "filename": "tools\\llm\\probe_config.py",
        "hashed_secret": "17bb10d3f44323963c21bf3c97341ebb5accf05e",
        "is_verified": false,
        "line_number": 144
      },
      {
        "type": "Secret Keyword",
        "filename": "tools\\llm\\probe_config.py",
        "hashed_secret": "02ecb94373bfb3dfe827ca18409f50b016e8302a",
        "is_verified": false,
        "line_number": 145
      },
      {
        "type": "Secret Keyword",
        "filename": "tools\\llm\\probe_config.py",
        "hashed_secret": "abc562ce3721faaa103f81235e018b1c65777140",
        "is_verified": false,
        "line_number": 148
      },
      {
        "type": "Secret Keyword",
        "filename": "tools\\llm\\probe_config.py",
        "hashed_secret": "04827ce753ca41ba673b446b1c94b47a905a59b6",
        "is_verified": false,
        "line_number": 151
      },
      {
        "type": "Secret Keyword",
        "filename": "tools\\llm\\probe_config.py",
        "hashed_secret": "3e10d010e7dfb478858d30459fa03f3824340d47",
        "is_verified": false,
        "line_number": 153
      },
      {
        "type": "Secret Keyword",
        "filename": "tools\\llm\\probe_config.py",
        "hashed_secret": "1db4aba2bc9d400d5e75f5473ff811cd819a436d",
        "is_verified": false,
        "line_number": 154
      },
      {
        "type": "Secret Keyword",
        "filename": "tools\\llm\\probe_config.py",
        "hashed_secret": "f8ca0d7266886f4b5be9adddc9b66017b3bf1a4b",
        "is_verified": false,
        "line_number": 155
      },
      {
        "type": "Secret Keyword",
        "filename": "tools\\llm\\probe_config.py",
        "hashed_secret": "cf48da0eee084cd38a7b71b1be293e131d819fc1",
        "is_verified": false,
        "line_number": 161
      },
      {
        "type": "Secret Keyword",
        "filename": "tools\\llm\\probe_config.py",
        "hashed_secret": "96133e4265d7a277409c8094e5eff6a41934cf07",
        "is_verified": false,
        "line_number": 164
      }
    ],
    "tools\\tests\\test_redact.py": [
      {
        "type": "Secret Keyword",
        "filename": "tools\\tests\\test_redact.py",
        "hashed_secret": "62b4e1d848e707c81f15bb4ec82ff8769b1161db",
        "is_verified": false,
        "line_number": 15
      },
      {
        "type": "Secret Keyword",
        "filename": "tools\\tests\\test_redact.py",
        "hashed_secret": "76ce15edd5a8548603b6fd281d185f323234758f",
        "is_verified": false,
        "line_number": 50
      }
    ]
  },
  "generated_at": "2026-09-24T23:18:24Z"
}
